Archive member included because of file (symbol)

C:/Freescale/CW MCU v11.0/MCU/ARM_GCC_Support/ewl/lib/armv6-m\libc.a(exit.o)
                              ./Project_Settings/Startup_Code/__arm_start.o (exit)
C:/Freescale/CW MCU v11.0/MCU/ARM_GCC_Support/ewl/lib/armv6-m\libc.a(memset.o)
                              ./Project_Settings/Startup_Code/__arm_start.o (memset)
C:/Freescale/CW MCU v11.0/MCU/ARM_GCC_Support/ewl/lib/armv6-m\libc.a(__filll_mem.o)
                              C:/Freescale/CW MCU v11.0/MCU/ARM_GCC_Support/ewl/lib/armv6-m\libc.a(memset.o) (__fill_mem)
C:/Freescale/CW MCU v11.0/MCU/ARM_GCC_Support/ewl/lib/armv6-m\libc.a(printformat_.o)
                              (__pformatter_)
C:/Freescale/CW MCU v11.0/MCU/ARM_GCC_Support/ewl/lib/armv6-m\libc.a(scanformat_.o)
                              (__sformatter)
C:/Freescale/CW MCU v11.0/MCU/ARM_GCC_Support/ewl/lib/armv6-m\libc.a(ctype_aeabi.o)
                              C:/Freescale/CW MCU v11.0/MCU/ARM_GCC_Support/ewl/lib/armv6-m\libc.a(scanformat_.o) (isspace)
C:/Freescale/CW MCU v11.0/MCU/ARM_GCC_Support/ewl/lib/armv6-m\libc.a(__strtoul.o)
                              C:/Freescale/CW MCU v11.0/MCU/ARM_GCC_Support/ewl/lib/armv6-m\libc.a(scanformat_.o) (__strtoul)
C:/Freescale/CW MCU v11.0/MCU/ARM_GCC_Support/ewl/lib/armv6-m\libc.a(strchr.o)
                              C:/Freescale/CW MCU v11.0/MCU/ARM_GCC_Support/ewl/lib/armv6-m\libc.a(printformat_.o) (strchr)
C:/Freescale/CW MCU v11.0/MCU/ARM_GCC_Support/ewl/lib/armv6-m\libc.a(memcpy.o)
                              C:/Freescale/CW MCU v11.0/MCU/ARM_GCC_Support/ewl/lib/armv6-m\libc.a(scanformat_.o) (memcpy)
C:/Freescale/CW MCU v11.0/MCU/ARM_GCC_Support/ewl/lib/armv6-m\libc.a(strlen.o)
                              C:/Freescale/CW MCU v11.0/MCU/ARM_GCC_Support/ewl/lib/armv6-m\libc.a(printformat_.o) (strlen)
C:/Freescale/CW MCU v11.0/MCU/ARM_GCC_Support/ewl/lib/armv6-m\libc.a(memchr.o)
                              C:/Freescale/CW MCU v11.0/MCU/ARM_GCC_Support/ewl/lib/armv6-m\libc.a(printformat_.o) (memchr)
c:/freescale/cw mcu v11.0/cross_tools/arm-none-eabi-gcc-4_7_3/bin/../lib/gcc/arm-none-eabi/4.7.3/armv6-m\libgcc.a(_thumb1_case_sqi.o)
                              C:/Freescale/CW MCU v11.0/MCU/ARM_GCC_Support/ewl/lib/armv6-m\libc.a(__strtoul.o) (__gnu_thumb1_case_sqi)
c:/freescale/cw mcu v11.0/cross_tools/arm-none-eabi-gcc-4_7_3/bin/../lib/gcc/arm-none-eabi/4.7.3/armv6-m\libgcc.a(_thumb1_case_uqi.o)
                              C:/Freescale/CW MCU v11.0/MCU/ARM_GCC_Support/ewl/lib/armv6-m\libc.a(scanformat_.o) (__gnu_thumb1_case_uqi)
c:/freescale/cw mcu v11.0/cross_tools/arm-none-eabi-gcc-4_7_3/bin/../lib/gcc/arm-none-eabi/4.7.3/armv6-m\libgcc.a(_udivsi3.o)
                              C:/Freescale/CW MCU v11.0/MCU/ARM_GCC_Support/ewl/lib/armv6-m\libc.a(printformat_.o) (__aeabi_uidiv)
c:/freescale/cw mcu v11.0/cross_tools/arm-none-eabi-gcc-4_7_3/bin/../lib/gcc/arm-none-eabi/4.7.3/armv6-m\libgcc.a(_dvmd_tls.o)
                              c:/freescale/cw mcu v11.0/cross_tools/arm-none-eabi-gcc-4_7_3/bin/../lib/gcc/arm-none-eabi/4.7.3/armv6-m\libgcc.a(_udivsi3.o) (__aeabi_idiv0)
C:/Freescale/CW MCU v11.0/MCU/ARM_GCC_Support/ewl/lib/armv6-m\librt.a(gcc_ctor_dtor.o)
                              ./Project_Settings/Startup_Code/__arm_start.o (__init_cpp)
C:/Freescale/CW MCU v11.0/MCU/ARM_GCC_Support/ewl/lib/armv6-m\librt.a(__arm_eabi_init.o)
                              C:/Freescale/CW MCU v11.0/MCU/ARM_GCC_Support/ewl/lib/armv6-m\libc.a(exit.o) (__destroy_global_chain)
C:/Freescale/CW MCU v11.0/MCU/ARM_GCC_Support/ewl/lib/armv6-m\librt.a(ROMCopy.o)
                              ./Project_Settings/Startup_Code/__arm_start.o (__copy_rom_sections_to_ram)

Discarded input sections

 .text          0x00000000        0x0 ./Project_Settings/Startup_Code/kinetis_sysinit.o
 .data          0x00000000        0x0 ./Project_Settings/Startup_Code/kinetis_sysinit.o
 .bss           0x00000000        0x0 ./Project_Settings/Startup_Code/kinetis_sysinit.o
 .text          0x00000000        0x0 ./Project_Settings/Startup_Code/__arm_start.o
 .data          0x00000000        0x0 ./Project_Settings/Startup_Code/__arm_start.o
 .bss           0x00000000        0x0 ./Project_Settings/Startup_Code/__arm_start.o
 .text.__iar_program_start
                0x00000000        0x4 ./Project_Settings/Startup_Code/__arm_start.o
 .text          0x00000000        0x0 ./Project_Settings/Startup_Code/__arm_end.o
 .data          0x00000000        0x0 ./Project_Settings/Startup_Code/__arm_end.o
 .bss           0x00000000        0x0 ./Project_Settings/Startup_Code/__arm_end.o
 .text          0x00000000        0x0 ./Sources/1_App/sa_mtb.o
 .data          0x00000000        0x0 ./Sources/1_App/sa_mtb.o
 .bss           0x00000000        0x0 ./Sources/1_App/sa_mtb.o
 .debug_info    0x00000000       0x21 ./Sources/1_App/sa_mtb.o
 .debug_abbrev  0x00000000       0x12 ./Sources/1_App/sa_mtb.o
 .debug_aranges
                0x00000000       0x18 ./Sources/1_App/sa_mtb.o
 .debug_macinfo
                0x00000000     0x24d8 ./Sources/1_App/sa_mtb.o
 .debug_line    0x00000000       0xb0 ./Sources/1_App/sa_mtb.o
 .debug_str     0x00000000       0x9b ./Sources/1_App/sa_mtb.o
 .comment       0x00000000       0x7a ./Sources/1_App/sa_mtb.o
 .ARM.attributes
                0x00000000       0x31 ./Sources/1_App/sa_mtb.o
 .text          0x00000000        0x0 ./Sources/1_App/main.o
 .data          0x00000000        0x0 ./Sources/1_App/main.o
 .bss           0x00000000        0x0 ./Sources/1_App/main.o
 .text.vfdelay  0x00000000       0x24 ./Sources/1_App/main.o
 .text          0x00000000        0x0 ./Sources/2_HIL/Leds_driver.o
 .data          0x00000000        0x0 ./Sources/2_HIL/Leds_driver.o
 .bss           0x00000000        0x0 ./Sources/2_HIL/Leds_driver.o
 .text.vfToggle_LED
                0x00000000       0x74 ./Sources/2_HIL/Leds_driver.o
 .text.efRead_LED
                0x00000000       0xd4 ./Sources/2_HIL/Leds_driver.o
 .text          0x00000000        0x0 ./Sources/2_HIL/LCD_driver.o
 .data          0x00000000        0x0 ./Sources/2_HIL/LCD_driver.o
 .bss           0x00000000        0x0 ./Sources/2_HIL/LCD_driver.o
 .text          0x00000000        0x0 ./Sources/2_HIL/Buttons_driver.o
 .data          0x00000000        0x0 ./Sources/2_HIL/Buttons_driver.o
 .bss           0x00000000        0x0 ./Sources/2_HIL/Buttons_driver.o
 .text.efReadButton
                0x00000000       0x94 ./Sources/2_HIL/Buttons_driver.o
 .text.vfdelay_Button
                0x00000000       0x24 ./Sources/2_HIL/Buttons_driver.o
 .text          0x00000000        0x0 ./Sources/3_HAL/PIT_driver.o
 .data          0x00000000        0x0 ./Sources/3_HAL/PIT_driver.o
 .bss           0x00000000        0x0 ./Sources/3_HAL/PIT_driver.o
 .text.u8fInit_PIT
                0x00000000       0xf4 ./Sources/3_HAL/PIT_driver.o
 .text.u8fRead_PIT
                0x00000000       0x98 ./Sources/3_HAL/PIT_driver.o
 .text.vfEnable_PIT
                0x00000000       0x4c ./Sources/3_HAL/PIT_driver.o
 .text.vfDisable_PIT
                0x00000000       0x54 ./Sources/3_HAL/PIT_driver.o
 .bss.u8Return.4638
                0x00000000        0x1 ./Sources/3_HAL/PIT_driver.o
 .debug_info    0x00000000      0x4db ./Sources/3_HAL/PIT_driver.o
 .debug_abbrev  0x00000000      0x13c ./Sources/3_HAL/PIT_driver.o
 .debug_loc     0x00000000       0xe0 ./Sources/3_HAL/PIT_driver.o
 .debug_aranges
                0x00000000       0x38 ./Sources/3_HAL/PIT_driver.o
 .debug_macinfo
                0x00000000    0x26560 ./Sources/3_HAL/PIT_driver.o
 .debug_line    0x00000000      0x241 ./Sources/3_HAL/PIT_driver.o
 .debug_str     0x00000000      0x2fd ./Sources/3_HAL/PIT_driver.o
 .comment       0x00000000       0x7a ./Sources/3_HAL/PIT_driver.o
 .ARM.attributes
                0x00000000       0x31 ./Sources/3_HAL/PIT_driver.o
 .debug_frame   0x00000000       0x90 ./Sources/3_HAL/PIT_driver.o
 .text          0x00000000        0x0 ./Sources/3_HAL/GPIO_driver.o
 .data          0x00000000        0x0 ./Sources/3_HAL/GPIO_driver.o
 .bss           0x00000000        0x0 ./Sources/3_HAL/GPIO_driver.o
 .text.vfTogglePin_GPIO
                0x00000000       0xbc ./Sources/3_HAL/GPIO_driver.o
 .rodata.vfTogglePin_GPIO
                0x00000000       0x14 ./Sources/3_HAL/GPIO_driver.o
 .text          0x00000000        0x0 C:/Freescale/CW MCU v11.0/MCU/ARM_GCC_Support/ewl/lib/armv6-m\libc.a(exit.o)
 .data          0x00000000        0x0 C:/Freescale/CW MCU v11.0/MCU/ARM_GCC_Support/ewl/lib/armv6-m\libc.a(exit.o)
 .bss           0x00000000        0x0 C:/Freescale/CW MCU v11.0/MCU/ARM_GCC_Support/ewl/lib/armv6-m\libc.a(exit.o)
 .text          0x00000000        0x0 C:/Freescale/CW MCU v11.0/MCU/ARM_GCC_Support/ewl/lib/armv6-m\libc.a(memset.o)
 .data          0x00000000        0x0 C:/Freescale/CW MCU v11.0/MCU/ARM_GCC_Support/ewl/lib/armv6-m\libc.a(memset.o)
 .bss           0x00000000        0x0 C:/Freescale/CW MCU v11.0/MCU/ARM_GCC_Support/ewl/lib/armv6-m\libc.a(memset.o)
 .text          0x00000000        0x0 C:/Freescale/CW MCU v11.0/MCU/ARM_GCC_Support/ewl/lib/armv6-m\libc.a(__filll_mem.o)
 .data          0x00000000        0x0 C:/Freescale/CW MCU v11.0/MCU/ARM_GCC_Support/ewl/lib/armv6-m\libc.a(__filll_mem.o)
 .bss           0x00000000        0x0 C:/Freescale/CW MCU v11.0/MCU/ARM_GCC_Support/ewl/lib/armv6-m\libc.a(__filll_mem.o)
 .text          0x00000000        0x0 C:/Freescale/CW MCU v11.0/MCU/ARM_GCC_Support/ewl/lib/armv6-m\libc.a(printformat_.o)
 .data          0x00000000        0x0 C:/Freescale/CW MCU v11.0/MCU/ARM_GCC_Support/ewl/lib/armv6-m\libc.a(printformat_.o)
 .bss           0x00000000        0x0 C:/Freescale/CW MCU v11.0/MCU/ARM_GCC_Support/ewl/lib/armv6-m\libc.a(printformat_.o)
 .text          0x00000000        0x0 C:/Freescale/CW MCU v11.0/MCU/ARM_GCC_Support/ewl/lib/armv6-m\libc.a(scanformat_.o)
 .data          0x00000000        0x0 C:/Freescale/CW MCU v11.0/MCU/ARM_GCC_Support/ewl/lib/armv6-m\libc.a(scanformat_.o)
 .bss           0x00000000        0x0 C:/Freescale/CW MCU v11.0/MCU/ARM_GCC_Support/ewl/lib/armv6-m\libc.a(scanformat_.o)
 .text          0x00000000        0x0 C:/Freescale/CW MCU v11.0/MCU/ARM_GCC_Support/ewl/lib/armv6-m\libc.a(ctype_aeabi.o)
 .data          0x00000000        0x0 C:/Freescale/CW MCU v11.0/MCU/ARM_GCC_Support/ewl/lib/armv6-m\libc.a(ctype_aeabi.o)
 .bss           0x00000000        0x0 C:/Freescale/CW MCU v11.0/MCU/ARM_GCC_Support/ewl/lib/armv6-m\libc.a(ctype_aeabi.o)
 .text.isalnum  0x00000000       0x1c C:/Freescale/CW MCU v11.0/MCU/ARM_GCC_Support/ewl/lib/armv6-m\libc.a(ctype_aeabi.o)
 .text.iscntrl  0x00000000       0x20 C:/Freescale/CW MCU v11.0/MCU/ARM_GCC_Support/ewl/lib/armv6-m\libc.a(ctype_aeabi.o)
 .text.isdigit  0x00000000        0xe C:/Freescale/CW MCU v11.0/MCU/ARM_GCC_Support/ewl/lib/armv6-m\libc.a(ctype_aeabi.o)
 .text.isgraph  0x00000000       0x1c C:/Freescale/CW MCU v11.0/MCU/ARM_GCC_Support/ewl/lib/armv6-m\libc.a(ctype_aeabi.o)
 .text.islower  0x00000000       0x20 C:/Freescale/CW MCU v11.0/MCU/ARM_GCC_Support/ewl/lib/armv6-m\libc.a(ctype_aeabi.o)
 .text.isprint  0x00000000       0x1c C:/Freescale/CW MCU v11.0/MCU/ARM_GCC_Support/ewl/lib/armv6-m\libc.a(ctype_aeabi.o)
 .text.ispunct  0x00000000       0x20 C:/Freescale/CW MCU v11.0/MCU/ARM_GCC_Support/ewl/lib/armv6-m\libc.a(ctype_aeabi.o)
 .text.isupper  0x00000000       0x20 C:/Freescale/CW MCU v11.0/MCU/ARM_GCC_Support/ewl/lib/armv6-m\libc.a(ctype_aeabi.o)
 .text.isxdigit
                0x00000000       0x20 C:/Freescale/CW MCU v11.0/MCU/ARM_GCC_Support/ewl/lib/armv6-m\libc.a(ctype_aeabi.o)
 .text.isblank  0x00000000       0x28 C:/Freescale/CW MCU v11.0/MCU/ARM_GCC_Support/ewl/lib/armv6-m\libc.a(ctype_aeabi.o)
 .text.tolower  0x00000000        0xe C:/Freescale/CW MCU v11.0/MCU/ARM_GCC_Support/ewl/lib/armv6-m\libc.a(ctype_aeabi.o)
 .text          0x00000000        0x0 C:/Freescale/CW MCU v11.0/MCU/ARM_GCC_Support/ewl/lib/armv6-m\libc.a(__strtoul.o)
 .data          0x00000000        0x0 C:/Freescale/CW MCU v11.0/MCU/ARM_GCC_Support/ewl/lib/armv6-m\libc.a(__strtoul.o)
 .bss           0x00000000        0x0 C:/Freescale/CW MCU v11.0/MCU/ARM_GCC_Support/ewl/lib/armv6-m\libc.a(__strtoul.o)
 .text          0x00000000        0x0 C:/Freescale/CW MCU v11.0/MCU/ARM_GCC_Support/ewl/lib/armv6-m\libc.a(strchr.o)
 .data          0x00000000        0x0 C:/Freescale/CW MCU v11.0/MCU/ARM_GCC_Support/ewl/lib/armv6-m\libc.a(strchr.o)
 .bss           0x00000000        0x0 C:/Freescale/CW MCU v11.0/MCU/ARM_GCC_Support/ewl/lib/armv6-m\libc.a(strchr.o)
 .text          0x00000000        0x0 C:/Freescale/CW MCU v11.0/MCU/ARM_GCC_Support/ewl/lib/armv6-m\libc.a(memcpy.o)
 .data          0x00000000        0x0 C:/Freescale/CW MCU v11.0/MCU/ARM_GCC_Support/ewl/lib/armv6-m\libc.a(memcpy.o)
 .bss           0x00000000        0x0 C:/Freescale/CW MCU v11.0/MCU/ARM_GCC_Support/ewl/lib/armv6-m\libc.a(memcpy.o)
 .text          0x00000000        0x0 C:/Freescale/CW MCU v11.0/MCU/ARM_GCC_Support/ewl/lib/armv6-m\libc.a(strlen.o)
 .data          0x00000000        0x0 C:/Freescale/CW MCU v11.0/MCU/ARM_GCC_Support/ewl/lib/armv6-m\libc.a(strlen.o)
 .bss           0x00000000        0x0 C:/Freescale/CW MCU v11.0/MCU/ARM_GCC_Support/ewl/lib/armv6-m\libc.a(strlen.o)
 .text          0x00000000        0x0 C:/Freescale/CW MCU v11.0/MCU/ARM_GCC_Support/ewl/lib/armv6-m\libc.a(memchr.o)
 .data          0x00000000        0x0 C:/Freescale/CW MCU v11.0/MCU/ARM_GCC_Support/ewl/lib/armv6-m\libc.a(memchr.o)
 .bss           0x00000000        0x0 C:/Freescale/CW MCU v11.0/MCU/ARM_GCC_Support/ewl/lib/armv6-m\libc.a(memchr.o)
 .data          0x00000000        0x0 c:/freescale/cw mcu v11.0/cross_tools/arm-none-eabi-gcc-4_7_3/bin/../lib/gcc/arm-none-eabi/4.7.3/armv6-m\libgcc.a(_thumb1_case_sqi.o)
 .bss           0x00000000        0x0 c:/freescale/cw mcu v11.0/cross_tools/arm-none-eabi-gcc-4_7_3/bin/../lib/gcc/arm-none-eabi/4.7.3/armv6-m\libgcc.a(_thumb1_case_sqi.o)
 .data          0x00000000        0x0 c:/freescale/cw mcu v11.0/cross_tools/arm-none-eabi-gcc-4_7_3/bin/../lib/gcc/arm-none-eabi/4.7.3/armv6-m\libgcc.a(_thumb1_case_uqi.o)
 .bss           0x00000000        0x0 c:/freescale/cw mcu v11.0/cross_tools/arm-none-eabi-gcc-4_7_3/bin/../lib/gcc/arm-none-eabi/4.7.3/armv6-m\libgcc.a(_thumb1_case_uqi.o)
 .data          0x00000000        0x0 c:/freescale/cw mcu v11.0/cross_tools/arm-none-eabi-gcc-4_7_3/bin/../lib/gcc/arm-none-eabi/4.7.3/armv6-m\libgcc.a(_udivsi3.o)
 .bss           0x00000000        0x0 c:/freescale/cw mcu v11.0/cross_tools/arm-none-eabi-gcc-4_7_3/bin/../lib/gcc/arm-none-eabi/4.7.3/armv6-m\libgcc.a(_udivsi3.o)
 .data          0x00000000        0x0 c:/freescale/cw mcu v11.0/cross_tools/arm-none-eabi-gcc-4_7_3/bin/../lib/gcc/arm-none-eabi/4.7.3/armv6-m\libgcc.a(_dvmd_tls.o)
 .bss           0x00000000        0x0 c:/freescale/cw mcu v11.0/cross_tools/arm-none-eabi-gcc-4_7_3/bin/../lib/gcc/arm-none-eabi/4.7.3/armv6-m\libgcc.a(_dvmd_tls.o)
 .text          0x00000000        0x0 C:/Freescale/CW MCU v11.0/MCU/ARM_GCC_Support/ewl/lib/armv6-m\librt.a(gcc_ctor_dtor.o)
 .data          0x00000000        0x0 C:/Freescale/CW MCU v11.0/MCU/ARM_GCC_Support/ewl/lib/armv6-m\librt.a(gcc_ctor_dtor.o)
 .bss           0x00000000        0x0 C:/Freescale/CW MCU v11.0/MCU/ARM_GCC_Support/ewl/lib/armv6-m\librt.a(gcc_ctor_dtor.o)
 .bss.__dso_handle
                0x00000000        0x4 C:/Freescale/CW MCU v11.0/MCU/ARM_GCC_Support/ewl/lib/armv6-m\librt.a(gcc_ctor_dtor.o)
 .text          0x00000000        0x0 C:/Freescale/CW MCU v11.0/MCU/ARM_GCC_Support/ewl/lib/armv6-m\librt.a(__arm_eabi_init.o)
 .data          0x00000000        0x0 C:/Freescale/CW MCU v11.0/MCU/ARM_GCC_Support/ewl/lib/armv6-m\librt.a(__arm_eabi_init.o)
 .bss           0x00000000        0x0 C:/Freescale/CW MCU v11.0/MCU/ARM_GCC_Support/ewl/lib/armv6-m\librt.a(__arm_eabi_init.o)
 .text.__register_global_object
                0x00000000       0x14 C:/Freescale/CW MCU v11.0/MCU/ARM_GCC_Support/ewl/lib/armv6-m\librt.a(__arm_eabi_init.o)
 .text.__cxa_atexit
                0x00000000       0x38 C:/Freescale/CW MCU v11.0/MCU/ARM_GCC_Support/ewl/lib/armv6-m\librt.a(__arm_eabi_init.o)
 .text.__aeabi_atexit
                0x00000000        0xe C:/Freescale/CW MCU v11.0/MCU/ARM_GCC_Support/ewl/lib/armv6-m\librt.a(__arm_eabi_init.o)
 .text.__register_atexit
                0x00000000        0xc C:/Freescale/CW MCU v11.0/MCU/ARM_GCC_Support/ewl/lib/armv6-m\librt.a(__arm_eabi_init.o)
 .text.__init_hardware
                0x00000000        0x4 C:/Freescale/CW MCU v11.0/MCU/ARM_GCC_Support/ewl/lib/armv6-m\librt.a(__arm_eabi_init.o)
 .bss.atexit_curr_func
                0x00000000        0x4 C:/Freescale/CW MCU v11.0/MCU/ARM_GCC_Support/ewl/lib/armv6-m\librt.a(__arm_eabi_init.o)
 .bss.atexit_funcs
                0x00000000      0x300 C:/Freescale/CW MCU v11.0/MCU/ARM_GCC_Support/ewl/lib/armv6-m\librt.a(__arm_eabi_init.o)
 .text          0x00000000        0x0 C:/Freescale/CW MCU v11.0/MCU/ARM_GCC_Support/ewl/lib/armv6-m\librt.a(ROMCopy.o)
 .data          0x00000000        0x0 C:/Freescale/CW MCU v11.0/MCU/ARM_GCC_Support/ewl/lib/armv6-m\librt.a(ROMCopy.o)
 .bss           0x00000000        0x0 C:/Freescale/CW MCU v11.0/MCU/ARM_GCC_Support/ewl/lib/armv6-m\librt.a(ROMCopy.o)
 .text.__flush_cache
                0x00000000        0x2 C:/Freescale/CW MCU v11.0/MCU/ARM_GCC_Support/ewl/lib/armv6-m\librt.a(ROMCopy.o)

Memory Configuration

Name             Origin             Length             Attributes
m_interrupts     0x00000000         0x000000c0         xr
m_cfmprotrom     0x00000400         0x00000010         xr
m_text           0x00000800         0x0001f800         xr
m_data           0x1ffff000         0x00004000         xrw
*default*        0x00000000         0xffffffff

Linker script and memory map

LOAD ./Project_Settings/Startup_Code/kinetis_sysinit.o
LOAD ./Project_Settings/Startup_Code/__arm_start.o
LOAD ./Project_Settings/Startup_Code/__arm_end.o
LOAD ./Sources/1_App/sa_mtb.o
LOAD ./Sources/1_App/main.o
LOAD ./Sources/2_HIL/Leds_driver.o
LOAD ./Sources/2_HIL/LCD_driver.o
LOAD ./Sources/2_HIL/Buttons_driver.o
LOAD ./Sources/3_HAL/PIT_driver.o
LOAD ./Sources/3_HAL/GPIO_driver.o
                0x000020c0                __pformatter = __pformatter_
                [0x000024e8]                __sformatter = __sformatter
START GROUP
LOAD C:/Freescale/CW MCU v11.0/MCU/ARM_GCC_Support/ewl/lib/armv6-m\libc.a
LOAD C:/Freescale/CW MCU v11.0/MCU/ARM_GCC_Support/ewl/lib/armv6-m\libm.a
LOAD c:/freescale/cw mcu v11.0/cross_tools/arm-none-eabi-gcc-4_7_3/bin/../lib/gcc/arm-none-eabi/4.7.3/armv6-m\libgcc.a
LOAD C:/Freescale/CW MCU v11.0/MCU/ARM_GCC_Support/ewl/lib/armv6-m\librt.a
LOAD C:/Freescale/CW MCU v11.0/MCU/ARM_GCC_Support/ewl/lib/armv6-m\libuart.a
END GROUP
                0x20003000                _estack = 0x20003000
                0x20003000                __SP_INIT = _estack
                0x00000400                __heap_size = 0x400
                0x00000400                __stack_size = 0x400

.interrupts     0x00000000       0xc0
                0x00000000                __vector_table = .
                0x00000000                . = ALIGN (0x4)
 *(.vectortable)
 .vectortable   0x00000000       0xc0 ./Project_Settings/Startup_Code/kinetis_sysinit.o
                0x00000000                InterruptVector
                0x000000c0                . = ALIGN (0x4)

.cfmprotect     0x00000400        0x0
                0x00000400                . = ALIGN (0x4)
 *(.cfmconfig)
                0x00000400                . = ALIGN (0x4)

.text           0x00000800     0x28b0
                0x00000800                . = ALIGN (0x4)
 *(.text)
 .text          0x00000800       0x14 c:/freescale/cw mcu v11.0/cross_tools/arm-none-eabi-gcc-4_7_3/bin/../lib/gcc/arm-none-eabi/4.7.3/armv6-m\libgcc.a(_thumb1_case_sqi.o)
                0x00000800                __gnu_thumb1_case_sqi
 .text          0x00000814       0x14 c:/freescale/cw mcu v11.0/cross_tools/arm-none-eabi-gcc-4_7_3/bin/../lib/gcc/arm-none-eabi/4.7.3/armv6-m\libgcc.a(_thumb1_case_uqi.o)
                0x00000814                __gnu_thumb1_case_uqi
 .text          0x00000828       0x9c c:/freescale/cw mcu v11.0/cross_tools/arm-none-eabi-gcc-4_7_3/bin/../lib/gcc/arm-none-eabi/4.7.3/armv6-m\libgcc.a(_udivsi3.o)
                0x00000828                __aeabi_uidiv
                0x00000828                __udivsi3
                0x000008b0                __aeabi_uidivmod
 .text          0x000008c4        0x4 c:/freescale/cw mcu v11.0/cross_tools/arm-none-eabi-gcc-4_7_3/bin/../lib/gcc/arm-none-eabi/4.7.3/armv6-m\libgcc.a(_dvmd_tls.o)
                0x000008c4                __aeabi_idiv0
                0x000008c4                __aeabi_ldiv0
 *(.text*)
 .text.Default_Handler
                0x000008c8        0xc ./Project_Settings/Startup_Code/kinetis_sysinit.o
                0x000008c8                RTC_Alarm_IRQHandler
                0x000008c8                I2C0_IRQHandler
                0x000008c8                HardFault_Handler
                0x000008c8                SysTick_Handler
                0x000008c8                PendSV_Handler
                0x000008c8                NMI_Handler
                0x000008c8                I2C1_IRQHandler
                0x000008c8                UART1_IRQHandler
                0x000008c8                DMA2_IRQHandler
                0x000008c8                TSI0_IRQHandler
                0x000008c8                UART0_IRQHandler
                0x000008c8                ADC0_IRQHandler
                0x000008c8                SPI1_IRQHandler
                0x000008c8                PORTD_IRQHandler
                0x000008c8                LPTimer_IRQHandler
                0x000008c8                FTM1_IRQHandler
                0x000008c8                RTC_Seconds_IRQHandler
                0x000008c8                MCG_IRQHandler
                0x000008c8                UART2_IRQHandler
                0x000008c8                Default_Handler
                0x000008c8                LLW_IRQHandler
                0x000008c8                PIT_IRQHandler
                0x000008c8                SVC_Handler
                0x000008c8                USBOTG_IRQHandler
                0x000008c8                DMA3_IRQHandler
                0x000008c8                DMA0_IRQHandler
                0x000008c8                DAC0_IRQHandler
                0x000008c8                PMC_IRQHandler
                0x000008c8                SPI0_IRQHandler
                0x000008c8                FTM0_IRQHandler
                0x000008c8                PORTA_IRQHandler
                0x000008c8                MCM_IRQHandler
                0x000008c8                FTFL_IRQHandler
                0x000008c8                FTM2_IRQHandler
                0x000008c8                CMP0_IRQHandler
                0x000008c8                DMA1_IRQHandler
 .text.__init_hardware
                0x000008d4       0x2c ./Project_Settings/Startup_Code/kinetis_sysinit.o
                0x000008d4                __init_hardware
 .text.zero_fill_bss
                0x00000900       0x24 ./Project_Settings/Startup_Code/__arm_start.o
 .text.__thumb_startup
                0x00000924       0x30 ./Project_Settings/Startup_Code/__arm_start.o
                0x00000924                __thumb_startup
 .text._ExitProcess
                0x00000954        0xc ./Project_Settings/Startup_Code/__arm_end.o
                0x00000954                _ExitProcess
 .text.main     0x00000960       0xd4 ./Sources/1_App/main.o
                0x00000960                main
 .text.efInit_LED
                0x00000a34       0xd0 ./Sources/2_HIL/Leds_driver.o
                0x00000a34                efInit_LED
 .text.vfTurnOn_LED
                0x00000b04       0x74 ./Sources/2_HIL/Leds_driver.o
                0x00000b04                vfTurnOn_LED
 .text.vfTurnOff_LED
                0x00000b78       0x74 ./Sources/2_HIL/Leds_driver.o
                0x00000b78                vfTurnOff_LED
 .text.vfDelay_LCD
                0x00000bec       0x2c ./Sources/2_HIL/LCD_driver.o
                0x00000bec                vfDelay_LCD
 .text.vfRsLow_LCD
                0x00000c18       0x20 ./Sources/2_HIL/LCD_driver.o
                0x00000c18                vfRsLow_LCD
 .text.vfRsHigh_LCD
                0x00000c38       0x20 ./Sources/2_HIL/LCD_driver.o
                0x00000c38                vfRsHigh_LCD
 .text.vfEnLow_LCD
                0x00000c58       0x20 ./Sources/2_HIL/LCD_driver.o
                0x00000c58                vfEnLow_LCD
 .text.vfEnHigh_LCD
                0x00000c78       0x20 ./Sources/2_HIL/LCD_driver.o
                0x00000c78                vfEnHigh_LCD
 .text.vfDataAssign_LCD
                0x00000c98      0x180 ./Sources/2_HIL/LCD_driver.o
                0x00000c98                vfDataAssign_LCD
 .text.efInitOuts_LCD
                0x00000e18      0x160 ./Sources/2_HIL/LCD_driver.o
                0x00000e18                efInitOuts_LCD
 .text.vfSendDataInit_LCD
                0x00000f78       0x6c ./Sources/2_HIL/LCD_driver.o
                0x00000f78                vfSendDataInit_LCD
 .text.efInit_LCD
                0x00000fe4       0x50 ./Sources/2_HIL/LCD_driver.o
                0x00000fe4                efInit_LCD
 .text.vfSendPosition_LCD
                0x00001034       0x54 ./Sources/2_HIL/LCD_driver.o
                0x00001034                vfSendPosition_LCD
 .text.vfSendData_LCD
                0x00001088       0x3c ./Sources/2_HIL/LCD_driver.o
                0x00001088                vfSendData_LCD
 .text.vfClear_LCD
                0x000010c4       0x2c ./Sources/2_HIL/LCD_driver.o
                0x000010c4                vfClear_LCD
 .text.efCreateButton
                0x000010f0      0x31c ./Sources/2_HIL/Buttons_driver.o
                0x000010f0                efCreateButton
 .text.efReadButtonNonBlocking
                0x0000140c       0xa0 ./Sources/2_HIL/Buttons_driver.o
                0x0000140c                efReadButtonNonBlocking
 .text.efInit_GPIO
                0x000014ac      0x53c ./Sources/3_HAL/GPIO_driver.o
                0x000014ac                efInit_GPIO
 .text.vfSetPin_GPIO
                0x000019e8       0xbc ./Sources/3_HAL/GPIO_driver.o
                0x000019e8                vfSetPin_GPIO
 .text.vfClearPin_GPIO
                0x00001aa4       0xc8 ./Sources/3_HAL/GPIO_driver.o
                0x00001aa4                vfClearPin_GPIO
 .text.efReadPin_GPIO
                0x00001b6c      0x14c ./Sources/3_HAL/GPIO_driver.o
                0x00001b6c                efReadPin_GPIO
 .text.vfWritePin_GPIO
                0x00001cb8      0x1a8 ./Sources/3_HAL/GPIO_driver.o
                0x00001cb8                vfWritePin_GPIO
 .text.exit     0x00001e60       0x38 C:/Freescale/CW MCU v11.0/MCU/ARM_GCC_Support/ewl/lib/armv6-m\libc.a(exit.o)
                0x00001e60                exit
 .text.memset   0x00001e98        0xc C:/Freescale/CW MCU v11.0/MCU/ARM_GCC_Support/ewl/lib/armv6-m\libc.a(memset.o)
                0x00001e98                memset
 .text.__fill_mem
                0x00001ea4       0x7e C:/Freescale/CW MCU v11.0/MCU/ARM_GCC_Support/ewl/lib/armv6-m\libc.a(__filll_mem.o)
                0x00001ea4                __fill_mem
 *fill*         0x00001f22        0x2 00
 .text.long2str.isra.0
                0x00001f24      0x19c C:/Freescale/CW MCU v11.0/MCU/ARM_GCC_Support/ewl/lib/armv6-m\libc.a(printformat_.o)
 .text.__pformatter_
                0x000020c0      0x428 C:/Freescale/CW MCU v11.0/MCU/ARM_GCC_Support/ewl/lib/armv6-m\libc.a(printformat_.o)
                0x000020c0                __pformatter_
 .text.__sformatter
                0x000024e8      0x698 C:/Freescale/CW MCU v11.0/MCU/ARM_GCC_Support/ewl/lib/armv6-m\libc.a(scanformat_.o)
                0x000024e8                __sformatter
 .text.isalpha  0x00002b80       0x20 C:/Freescale/CW MCU v11.0/MCU/ARM_GCC_Support/ewl/lib/armv6-m\libc.a(ctype_aeabi.o)
                0x00002b80                isalpha
 .text.isspace  0x00002ba0       0x20 C:/Freescale/CW MCU v11.0/MCU/ARM_GCC_Support/ewl/lib/armv6-m\libc.a(ctype_aeabi.o)
                0x00002ba0                isspace
 .text.toupper  0x00002bc0        0xe C:/Freescale/CW MCU v11.0/MCU/ARM_GCC_Support/ewl/lib/armv6-m\libc.a(ctype_aeabi.o)
                0x00002bc0                toupper
 .text.__strtoul
                0x00002bce      0x1ce C:/Freescale/CW MCU v11.0/MCU/ARM_GCC_Support/ewl/lib/armv6-m\libc.a(__strtoul.o)
                0x00002bce                __strtoul
 .text.strchr   0x00002d9c       0x1e C:/Freescale/CW MCU v11.0/MCU/ARM_GCC_Support/ewl/lib/armv6-m\libc.a(strchr.o)
                0x00002d9c                strchr
 .text.memcpy   0x00002dba       0x12 C:/Freescale/CW MCU v11.0/MCU/ARM_GCC_Support/ewl/lib/armv6-m\libc.a(memcpy.o)
                0x00002dba                memcpy
 .text.strlen   0x00002dcc       0x10 C:/Freescale/CW MCU v11.0/MCU/ARM_GCC_Support/ewl/lib/armv6-m\libc.a(strlen.o)
                0x00002dcc                strlen
 .text.memchr   0x00002ddc       0x1a C:/Freescale/CW MCU v11.0/MCU/ARM_GCC_Support/ewl/lib/armv6-m\libc.a(memchr.o)
                0x00002ddc                memchr
 *fill*         0x00002df6        0x2 00
 .text.__init_cpp
                0x00002df8       0x48 C:/Freescale/CW MCU v11.0/MCU/ARM_GCC_Support/ewl/lib/armv6-m\librt.a(gcc_ctor_dtor.o)
                0x00002df8                __init_cpp
 .text.__fini_cpp
                0x00002e40       0x34 C:/Freescale/CW MCU v11.0/MCU/ARM_GCC_Support/ewl/lib/armv6-m\librt.a(gcc_ctor_dtor.o)
                0x00002e40                __fini_cpp
 .text.__destroy_global_chain
                0x00002e74       0x1c C:/Freescale/CW MCU v11.0/MCU/ARM_GCC_Support/ewl/lib/armv6-m\librt.a(__arm_eabi_init.o)
                0x00002e74                __destroy_global_chain
 .text.__init_registers
                0x00002e90       0x1c C:/Freescale/CW MCU v11.0/MCU/ARM_GCC_Support/ewl/lib/armv6-m\librt.a(__arm_eabi_init.o)
                0x00002e90                __init_registers
 .text.__init_user
                0x00002eac        0x4 C:/Freescale/CW MCU v11.0/MCU/ARM_GCC_Support/ewl/lib/armv6-m\librt.a(__arm_eabi_init.o)
                0x00002eac                __init_user
 .text.__copy_rom_section
                0x00002eb0       0x48 C:/Freescale/CW MCU v11.0/MCU/ARM_GCC_Support/ewl/lib/armv6-m\librt.a(ROMCopy.o)
                0x00002eb0                __copy_rom_section
 .text.__copy_rom_sections_to_ram
                0x00002ef8       0x34 C:/Freescale/CW MCU v11.0/MCU/ARM_GCC_Support/ewl/lib/armv6-m\librt.a(ROMCopy.o)
                0x00002ef8                __copy_rom_sections_to_ram
 *(.rodata)
 *(.rodata*)
 .rodata.efCreateButton
                0x00002f2c       0x14 ./Sources/2_HIL/Buttons_driver.o
 .rodata.efInit_GPIO
                0x00002f40       0x14 ./Sources/3_HAL/GPIO_driver.o
 .rodata.vfSetPin_GPIO
                0x00002f54       0x14 ./Sources/3_HAL/GPIO_driver.o
 .rodata.vfClearPin_GPIO
                0x00002f68       0x14 ./Sources/3_HAL/GPIO_driver.o
 .rodata.efReadPin_GPIO
                0x00002f7c       0x14 ./Sources/3_HAL/GPIO_driver.o
 .rodata.vfWritePin_GPIO
                0x00002f90       0x14 ./Sources/3_HAL/GPIO_driver.o
 .rodata.str1.1
                0x00002fa4        0x1 C:/Freescale/CW MCU v11.0/MCU/ARM_GCC_Support/ewl/lib/armv6-m\libc.a(printformat_.o)
 .rodata.CSWTCH.20
                0x00002fa5        0x5 C:/Freescale/CW MCU v11.0/MCU/ARM_GCC_Support/ewl/lib/armv6-m\libc.a(printformat_.o)
 .rodata.CSWTCH.21
                0x00002faa        0x5 C:/Freescale/CW MCU v11.0/MCU/ARM_GCC_Support/ewl/lib/armv6-m\libc.a(printformat_.o)
 .rodata.__aeabi_ctype_table_C
                0x00002faf      0x101 C:/Freescale/CW MCU v11.0/MCU/ARM_GCC_Support/ewl/lib/armv6-m\libc.a(ctype_aeabi.o)
                0x00002faf                __aeabi_ctype_table_C
 *(.glue_7)
 .glue_7        0x00000000        0x0 linker stubs
 *(.glue_7t)
 .glue_7t       0x00000000        0x0 linker stubs
 *(.eh_frame)
 *(.init)
 *(.fini)
                0x000030b0                . = ALIGN (0x4)
                0x000030b0                _etext = .

.vfp11_veneer   0x000030b0        0x0
 .vfp11_veneer  0x00000000        0x0 linker stubs

.v4_bx          0x000030b0        0x0
 .v4_bx         0x00000000        0x0 linker stubs

.iplt           0x000030b0        0x0
 .iplt          0x00000000        0x0 ./Project_Settings/Startup_Code/kinetis_sysinit.o

.rel.dyn        0x000030b0        0x0
 .rel.iplt      0x00000000        0x0 ./Project_Settings/Startup_Code/kinetis_sysinit.o

.ARM.extab
 *(.ARM.extab* .gnu.linkonce.armextab.*)

.ARM            0x000030b0        0x0
                0x000030b0                __exidx_start = .
 *(.ARM.exidx*)
                0x000030b0                __exidx_end = .

.ctors          0x000030b0        0x0
                0x000030b0                __CTOR_LIST__ = .
 *crtbegin.o(.ctors)
 *(EXCLUDE_FILE(*crtend.o) .ctors)
 *(SORT(.ctors.*))
 *(.ctors)
                0x000030b0                __CTOR_END__ = .

.dtors          0x000030b0        0x0
                0x000030b0                __DTOR_LIST__ = .
 *crtbegin.o(.dtors)
 *(EXCLUDE_FILE(*crtend.o) .dtors)
 *(SORT(.dtors.*))
 *(.dtors)
                0x000030b0                __DTOR_END__ = .

.preinit_array  0x000030b0        0x0
                0x000030b0                PROVIDE (__preinit_array_start, .)
 *(.preinit_array*)
                0x000030b0                PROVIDE (__preinit_array_end, .)

.init_array     0x000030b0        0x0
                0x000030b0                PROVIDE (__init_array_start, .)
 *(SORT(.init_array.*))
 *(.init_array*)
                0x000030b0                PROVIDE (__init_array_end, .)

.fini_array     0x000030b0        0x0
                0x000030b0                PROVIDE (__fini_array_start, .)
 *(SORT(.fini_array.*))
 *(.fini_array*)
                0x000030b0                PROVIDE (__fini_array_end, .)
                0x000030b0                ___ROM_AT = .

.mtb            0x1ffff000        0x0
                0x1ffff000                . = ALIGN (0x8)
                0x1ffff000                _mtb_start = .
 *(.mtb_buf)
                0x1ffff000                . = ALIGN (0x8)
                0x1ffff000                _mtb_end = .

.data           0x1ffff000       0x20 load address 0x000030b0
                0x1ffff000                . = ALIGN (0x4)
                0x1ffff000                _sdata = .
 *(.data)
 *(.data*)
 .data.ePortRed_LED
                0x1ffff000        0x1 ./Sources/2_HIL/Leds_driver.o
                0x1ffff000                ePortRed_LED
 .data.ePinRed_LED
                0x1ffff001        0x1 ./Sources/2_HIL/Leds_driver.o
                0x1ffff001                ePinRed_LED
 .data.ePortGreen_LED
                0x1ffff002        0x1 ./Sources/2_HIL/Leds_driver.o
                0x1ffff002                ePortGreen_LED
 .data.ePinGreen_LED
                0x1ffff003        0x1 ./Sources/2_HIL/Leds_driver.o
                0x1ffff003                ePinGreen_LED
 .data.ePortBlue_LED
                0x1ffff004        0x1 ./Sources/2_HIL/Leds_driver.o
                0x1ffff004                ePortBlue_LED
 .data.ePinBlue_LED
                0x1ffff005        0x1 ./Sources/2_HIL/Leds_driver.o
                0x1ffff005                ePinBlue_LED
 .data.eRsPort  0x1ffff006        0x1 ./Sources/2_HIL/LCD_driver.o
                0x1ffff006                eRsPort
 .data.eEnPort  0x1ffff007        0x1 ./Sources/2_HIL/LCD_driver.o
                0x1ffff007                eEnPort
 .data.eEnPin   0x1ffff008        0x1 ./Sources/2_HIL/LCD_driver.o
                0x1ffff008                eEnPin
 .data.ePort_0  0x1ffff009        0x1 ./Sources/2_HIL/LCD_driver.o
                0x1ffff009                ePort_0
 .data.ePort_1  0x1ffff00a        0x1 ./Sources/2_HIL/LCD_driver.o
                0x1ffff00a                ePort_1
 .data.ePort_2  0x1ffff00b        0x1 ./Sources/2_HIL/LCD_driver.o
                0x1ffff00b                ePort_2
 .data.ePin_2   0x1ffff00c        0x1 ./Sources/2_HIL/LCD_driver.o
                0x1ffff00c                ePin_2
 .data.ePort_3  0x1ffff00d        0x1 ./Sources/2_HIL/LCD_driver.o
                0x1ffff00d                ePort_3
 .data.ePin_3   0x1ffff00e        0x1 ./Sources/2_HIL/LCD_driver.o
                0x1ffff00e                ePin_3
 .data.ePort_4  0x1ffff00f        0x1 ./Sources/2_HIL/LCD_driver.o
                0x1ffff00f                ePort_4
 .data.ePin_4   0x1ffff010        0x1 ./Sources/2_HIL/LCD_driver.o
                0x1ffff010                ePin_4
 .data.ePort_5  0x1ffff011        0x1 ./Sources/2_HIL/LCD_driver.o
                0x1ffff011                ePort_5
 .data.ePin_5   0x1ffff012        0x1 ./Sources/2_HIL/LCD_driver.o
                0x1ffff012                ePin_5
 .data.ePort_6  0x1ffff013        0x1 ./Sources/2_HIL/LCD_driver.o
                0x1ffff013                ePort_6
 .data.ePin_6   0x1ffff014        0x1 ./Sources/2_HIL/LCD_driver.o
                0x1ffff014                ePin_6
 .data.ePort_7  0x1ffff015        0x1 ./Sources/2_HIL/LCD_driver.o
                0x1ffff015                ePort_7
 .data.ePin_7   0x1ffff016        0x1 ./Sources/2_HIL/LCD_driver.o
                0x1ffff016                ePin_7
 *fill*         0x1ffff017        0x1 00
 .data.u8aInitInstructions_LCD
                0x1ffff018        0x8 ./Sources/2_HIL/LCD_driver.o
                0x1ffff018                u8aInitInstructions_LCD
                0x1ffff020                . = ALIGN (0x4)
                0x1ffff020                _edata = .
                0x00000020                ___data_size = (_edata - _sdata)

.igot.plt       0x1ffff020        0x0 load address 0x000030d0
 .igot.plt      0x00000000        0x0 ./Project_Settings/Startup_Code/kinetis_sysinit.o
                0x1ffff020                . = ALIGN (0x4)

.bss            0x1ffff020       0x20 load address 0x000030d0
                0x1ffff020                __START_BSS = .
                0x1ffff020                PROVIDE (__bss_start__, __START_BSS)
 *(.bss)
 *(.bss*)
 .bss.argv      0x1ffff020        0x4 ./Project_Settings/Startup_Code/__arm_start.o
 .bss.eRsPin    0x1ffff024        0x1 ./Sources/2_HIL/LCD_driver.o
                0x1ffff024                eRsPin
 .bss.ePin_0    0x1ffff025        0x1 ./Sources/2_HIL/LCD_driver.o
                0x1ffff025                ePin_0
 .bss.ePin_1    0x1ffff026        0x1 ./Sources/2_HIL/LCD_driver.o
                0x1ffff026                ePin_1
 .bss.u8CounterID
                0x1ffff027        0x1 ./Sources/2_HIL/Buttons_driver.o
 .bss.__stdio_exit
                0x1ffff028        0x4 C:/Freescale/CW MCU v11.0/MCU/ARM_GCC_Support/ewl/lib/armv6-m\libc.a(exit.o)
                0x1ffff028                __stdio_exit
 .bss.__console_exit
                0x1ffff02c        0x4 C:/Freescale/CW MCU v11.0/MCU/ARM_GCC_Support/ewl/lib/armv6-m\libc.a(exit.o)
                0x1ffff02c                __console_exit
 .bss.__global_destructor_chain
                0x1ffff030        0x4 C:/Freescale/CW MCU v11.0/MCU/ARM_GCC_Support/ewl/lib/armv6-m\librt.a(__arm_eabi_init.o)
                0x1ffff030                __global_destructor_chain
 .bss.__S_romp  0x1ffff034        0xc C:/Freescale/CW MCU v11.0/MCU/ARM_GCC_Support/ewl/lib/armv6-m\librt.a(ROMCopy.o)
 *(COMMON)
                0x1ffff040                . = ALIGN (0x4)
                0x1ffff040                __END_BSS = .
                0x1ffff040                PROVIDE (__bss_end__, __END_BSS)
                0x000030d0                _romp_at = (___ROM_AT + SIZEOF (.data))

.romp           0x1ffff040       0x18 load address 0x000030d0
                0x000030d0                __S_romp = _romp_at
                0x1ffff040        0x4 LONG 0x30b0 ___ROM_AT
                0x1ffff044        0x4 LONG 0x1ffff000 _sdata
                0x1ffff048        0x4 LONG 0x20 ___data_size
                0x1ffff04c        0x4 LONG 0x0
                0x1ffff050        0x4 LONG 0x0
                0x1ffff054        0x4 LONG 0x0

._user_heap_stack
                0x1ffff058      0x800 load address 0x000030e8
                0x1ffff058                . = ALIGN (0x4)
                0x1ffff058                PROVIDE (end, .)
                0x1ffff058                PROVIDE (_end, .)
                0x1ffff058                __heap_addr = .
                0x1ffff458                . = (. + __heap_size)
 *fill*         0x1ffff058      0x400 00
                0x1ffff858                . = (. + __stack_size)
 *fill*         0x1ffff458      0x400 00
                0x1ffff858                . = ALIGN (0x4)

.ARM.attributes
                0x00000000       0x31
 *(.ARM.attributes)
 .ARM.attributes
                0x00000000       0x31 ./Project_Settings/Startup_Code/kinetis_sysinit.o
 .ARM.attributes
                0x00000031       0x31 ./Project_Settings/Startup_Code/__arm_start.o
 .ARM.attributes
                0x00000062       0x31 ./Project_Settings/Startup_Code/__arm_end.o
 .ARM.attributes
                0x00000093       0x31 ./Sources/1_App/main.o
 .ARM.attributes
                0x000000c4       0x31 ./Sources/2_HIL/Leds_driver.o
 .ARM.attributes
                0x000000f5       0x31 ./Sources/2_HIL/LCD_driver.o
 .ARM.attributes
                0x00000126       0x31 ./Sources/2_HIL/Buttons_driver.o
 .ARM.attributes
                0x00000157       0x31 ./Sources/3_HAL/GPIO_driver.o
 .ARM.attributes
                0x00000188       0x31 C:/Freescale/CW MCU v11.0/MCU/ARM_GCC_Support/ewl/lib/armv6-m\libc.a(exit.o)
 .ARM.attributes
                0x000001b9       0x31 C:/Freescale/CW MCU v11.0/MCU/ARM_GCC_Support/ewl/lib/armv6-m\libc.a(memset.o)
 .ARM.attributes
                0x000001ea       0x31 C:/Freescale/CW MCU v11.0/MCU/ARM_GCC_Support/ewl/lib/armv6-m\libc.a(__filll_mem.o)
 .ARM.attributes
                0x0000021b       0x31 C:/Freescale/CW MCU v11.0/MCU/ARM_GCC_Support/ewl/lib/armv6-m\libc.a(printformat_.o)
 .ARM.attributes
                0x0000024c       0x31 C:/Freescale/CW MCU v11.0/MCU/ARM_GCC_Support/ewl/lib/armv6-m\libc.a(scanformat_.o)
 .ARM.attributes
                0x0000027d       0x31 C:/Freescale/CW MCU v11.0/MCU/ARM_GCC_Support/ewl/lib/armv6-m\libc.a(ctype_aeabi.o)
 .ARM.attributes
                0x000002ae       0x31 C:/Freescale/CW MCU v11.0/MCU/ARM_GCC_Support/ewl/lib/armv6-m\libc.a(__strtoul.o)
 .ARM.attributes
                0x000002df       0x31 C:/Freescale/CW MCU v11.0/MCU/ARM_GCC_Support/ewl/lib/armv6-m\libc.a(strchr.o)
 .ARM.attributes
                0x00000310       0x31 C:/Freescale/CW MCU v11.0/MCU/ARM_GCC_Support/ewl/lib/armv6-m\libc.a(memcpy.o)
 .ARM.attributes
                0x00000341       0x31 C:/Freescale/CW MCU v11.0/MCU/ARM_GCC_Support/ewl/lib/armv6-m\libc.a(strlen.o)
 .ARM.attributes
                0x00000372       0x31 C:/Freescale/CW MCU v11.0/MCU/ARM_GCC_Support/ewl/lib/armv6-m\libc.a(memchr.o)
 .ARM.attributes
                0x000003a3       0x1e c:/freescale/cw mcu v11.0/cross_tools/arm-none-eabi-gcc-4_7_3/bin/../lib/gcc/arm-none-eabi/4.7.3/armv6-m\libgcc.a(_thumb1_case_sqi.o)
 .ARM.attributes
                0x000003c1       0x1e c:/freescale/cw mcu v11.0/cross_tools/arm-none-eabi-gcc-4_7_3/bin/../lib/gcc/arm-none-eabi/4.7.3/armv6-m\libgcc.a(_thumb1_case_uqi.o)
 .ARM.attributes
                0x000003df       0x1e c:/freescale/cw mcu v11.0/cross_tools/arm-none-eabi-gcc-4_7_3/bin/../lib/gcc/arm-none-eabi/4.7.3/armv6-m\libgcc.a(_udivsi3.o)
 .ARM.attributes
                0x000003fd       0x1e c:/freescale/cw mcu v11.0/cross_tools/arm-none-eabi-gcc-4_7_3/bin/../lib/gcc/arm-none-eabi/4.7.3/armv6-m\libgcc.a(_dvmd_tls.o)
 .ARM.attributes
                0x0000041b       0x31 C:/Freescale/CW MCU v11.0/MCU/ARM_GCC_Support/ewl/lib/armv6-m\librt.a(gcc_ctor_dtor.o)
 .ARM.attributes
                0x0000044c       0x31 C:/Freescale/CW MCU v11.0/MCU/ARM_GCC_Support/ewl/lib/armv6-m\librt.a(__arm_eabi_init.o)
 .ARM.attributes
                0x0000047d       0x31 C:/Freescale/CW MCU v11.0/MCU/ARM_GCC_Support/ewl/lib/armv6-m\librt.a(ROMCopy.o)
OUTPUT(CalculatorKL25Z.elf elf32-littlearm)

.debug_info     0x00000000     0x37fe
 .debug_info    0x00000000      0x447 ./Project_Settings/Startup_Code/kinetis_sysinit.o
 .debug_info    0x00000447      0x12a ./Project_Settings/Startup_Code/__arm_start.o
 .debug_info    0x00000571       0x54 ./Project_Settings/Startup_Code/__arm_end.o
 .debug_info    0x000005c5      0x378 ./Sources/1_App/main.o
 .debug_info    0x0000093d      0x31e ./Sources/2_HIL/Leds_driver.o
 .debug_info    0x00000c5b      0x5f0 ./Sources/2_HIL/LCD_driver.o
 .debug_info    0x0000124b      0x344 ./Sources/2_HIL/Buttons_driver.o
 .debug_info    0x0000158f      0x657 ./Sources/3_HAL/GPIO_driver.o
 .debug_info    0x00001be6       0xe8 C:/Freescale/CW MCU v11.0/MCU/ARM_GCC_Support/ewl/lib/armv6-m\libc.a(exit.o)
 .debug_info    0x00001cce       0xec C:/Freescale/CW MCU v11.0/MCU/ARM_GCC_Support/ewl/lib/armv6-m\libc.a(memset.o)
 .debug_info    0x00001dba      0x137 C:/Freescale/CW MCU v11.0/MCU/ARM_GCC_Support/ewl/lib/armv6-m\libc.a(__filll_mem.o)
 .debug_info    0x00001ef1      0x50d C:/Freescale/CW MCU v11.0/MCU/ARM_GCC_Support/ewl/lib/armv6-m\libc.a(printformat_.o)
 .debug_info    0x000023fe      0x568 C:/Freescale/CW MCU v11.0/MCU/ARM_GCC_Support/ewl/lib/armv6-m\libc.a(scanformat_.o)
 .debug_info    0x00002966      0x313 C:/Freescale/CW MCU v11.0/MCU/ARM_GCC_Support/ewl/lib/armv6-m\libc.a(ctype_aeabi.o)
 .debug_info    0x00002c79      0x1d6 C:/Freescale/CW MCU v11.0/MCU/ARM_GCC_Support/ewl/lib/armv6-m\libc.a(__strtoul.o)
 .debug_info    0x00002e4f      0x10b C:/Freescale/CW MCU v11.0/MCU/ARM_GCC_Support/ewl/lib/armv6-m\libc.a(strchr.o)
 .debug_info    0x00002f5a      0x10f C:/Freescale/CW MCU v11.0/MCU/ARM_GCC_Support/ewl/lib/armv6-m\libc.a(memcpy.o)
 .debug_info    0x00003069       0xea C:/Freescale/CW MCU v11.0/MCU/ARM_GCC_Support/ewl/lib/armv6-m\libc.a(strlen.o)
 .debug_info    0x00003153      0x121 C:/Freescale/CW MCU v11.0/MCU/ARM_GCC_Support/ewl/lib/armv6-m\libc.a(memchr.o)
 .debug_info    0x00003274      0x136 C:/Freescale/CW MCU v11.0/MCU/ARM_GCC_Support/ewl/lib/armv6-m\librt.a(gcc_ctor_dtor.o)
 .debug_info    0x000033aa      0x2b9 C:/Freescale/CW MCU v11.0/MCU/ARM_GCC_Support/ewl/lib/armv6-m\librt.a(__arm_eabi_init.o)
 .debug_info    0x00003663      0x19b C:/Freescale/CW MCU v11.0/MCU/ARM_GCC_Support/ewl/lib/armv6-m\librt.a(ROMCopy.o)

.debug_abbrev   0x00000000     0x120a
 .debug_abbrev  0x00000000       0xe7 ./Project_Settings/Startup_Code/kinetis_sysinit.o
 .debug_abbrev  0x000000e7       0x92 ./Project_Settings/Startup_Code/__arm_start.o
 .debug_abbrev  0x00000179       0x4c ./Project_Settings/Startup_Code/__arm_end.o
 .debug_abbrev  0x000001c5       0xb3 ./Sources/1_App/main.o
 .debug_abbrev  0x00000278       0xaa ./Sources/2_HIL/Leds_driver.o
 .debug_abbrev  0x00000322       0xda ./Sources/2_HIL/LCD_driver.o
 .debug_abbrev  0x000003fc       0xbe ./Sources/2_HIL/Buttons_driver.o
 .debug_abbrev  0x000004ba      0x122 ./Sources/3_HAL/GPIO_driver.o
 .debug_abbrev  0x000005dc       0x7a C:/Freescale/CW MCU v11.0/MCU/ARM_GCC_Support/ewl/lib/armv6-m\libc.a(exit.o)
 .debug_abbrev  0x00000656       0x62 C:/Freescale/CW MCU v11.0/MCU/ARM_GCC_Support/ewl/lib/armv6-m\libc.a(memset.o)
 .debug_abbrev  0x000006b8       0x78 C:/Freescale/CW MCU v11.0/MCU/ARM_GCC_Support/ewl/lib/armv6-m\libc.a(__filll_mem.o)
 .debug_abbrev  0x00000730      0x200 C:/Freescale/CW MCU v11.0/MCU/ARM_GCC_Support/ewl/lib/armv6-m\libc.a(printformat_.o)
 .debug_abbrev  0x00000930      0x1f0 C:/Freescale/CW MCU v11.0/MCU/ARM_GCC_Support/ewl/lib/armv6-m\libc.a(scanformat_.o)
 .debug_abbrev  0x00000b20       0x9e C:/Freescale/CW MCU v11.0/MCU/ARM_GCC_Support/ewl/lib/armv6-m\libc.a(ctype_aeabi.o)
 .debug_abbrev  0x00000bbe       0xc2 C:/Freescale/CW MCU v11.0/MCU/ARM_GCC_Support/ewl/lib/armv6-m\libc.a(__strtoul.o)
 .debug_abbrev  0x00000c80       0x7a C:/Freescale/CW MCU v11.0/MCU/ARM_GCC_Support/ewl/lib/armv6-m\libc.a(strchr.o)
 .debug_abbrev  0x00000cfa       0x95 C:/Freescale/CW MCU v11.0/MCU/ARM_GCC_Support/ewl/lib/armv6-m\libc.a(memcpy.o)
 .debug_abbrev  0x00000d8f       0x7a C:/Freescale/CW MCU v11.0/MCU/ARM_GCC_Support/ewl/lib/armv6-m\libc.a(strlen.o)
 .debug_abbrev  0x00000e09       0x95 C:/Freescale/CW MCU v11.0/MCU/ARM_GCC_Support/ewl/lib/armv6-m\libc.a(memchr.o)
 .debug_abbrev  0x00000e9e       0x99 C:/Freescale/CW MCU v11.0/MCU/ARM_GCC_Support/ewl/lib/armv6-m\librt.a(gcc_ctor_dtor.o)
 .debug_abbrev  0x00000f37      0x1b3 C:/Freescale/CW MCU v11.0/MCU/ARM_GCC_Support/ewl/lib/armv6-m\librt.a(__arm_eabi_init.o)
 .debug_abbrev  0x000010ea      0x120 C:/Freescale/CW MCU v11.0/MCU/ARM_GCC_Support/ewl/lib/armv6-m\librt.a(ROMCopy.o)

.debug_loc      0x00000000     0x2dc3
 .debug_loc     0x00000000       0x58 ./Project_Settings/Startup_Code/kinetis_sysinit.o
 .debug_loc     0x00000058       0x2c ./Project_Settings/Startup_Code/__arm_start.o
 .debug_loc     0x00000084       0x38 ./Project_Settings/Startup_Code/__arm_end.o
 .debug_loc     0x000000bc       0x70 ./Sources/1_App/main.o
 .debug_loc     0x0000012c      0x118 ./Sources/2_HIL/Leds_driver.o
 .debug_loc     0x00000244      0x264 ./Sources/2_HIL/LCD_driver.o
 .debug_loc     0x000004a8       0xe0 ./Sources/2_HIL/Buttons_driver.o
 .debug_loc     0x00000588      0x150 ./Sources/3_HAL/GPIO_driver.o
 .debug_loc     0x000006d8       0x3e C:/Freescale/CW MCU v11.0/MCU/ARM_GCC_Support/ewl/lib/armv6-m\libc.a(exit.o)
 .debug_loc     0x00000716       0x6f C:/Freescale/CW MCU v11.0/MCU/ARM_GCC_Support/ewl/lib/armv6-m\libc.a(memset.o)
 .debug_loc     0x00000785      0x14a C:/Freescale/CW MCU v11.0/MCU/ARM_GCC_Support/ewl/lib/armv6-m\libc.a(__filll_mem.o)
 .debug_loc     0x000008cf     0x104b C:/Freescale/CW MCU v11.0/MCU/ARM_GCC_Support/ewl/lib/armv6-m\libc.a(printformat_.o)
 .debug_loc     0x0000191a      0x9d8 C:/Freescale/CW MCU v11.0/MCU/ARM_GCC_Support/ewl/lib/armv6-m\libc.a(scanformat_.o)
 .debug_loc     0x000022f2      0x30d C:/Freescale/CW MCU v11.0/MCU/ARM_GCC_Support/ewl/lib/armv6-m\libc.a(ctype_aeabi.o)
 .debug_loc     0x000025ff      0x305 C:/Freescale/CW MCU v11.0/MCU/ARM_GCC_Support/ewl/lib/armv6-m\libc.a(__strtoul.o)
 .debug_loc     0x00002904       0xaf C:/Freescale/CW MCU v11.0/MCU/ARM_GCC_Support/ewl/lib/armv6-m\libc.a(strchr.o)
 .debug_loc     0x000029b3       0x59 C:/Freescale/CW MCU v11.0/MCU/ARM_GCC_Support/ewl/lib/armv6-m\libc.a(memcpy.o)
 .debug_loc     0x00002a0c       0x33 C:/Freescale/CW MCU v11.0/MCU/ARM_GCC_Support/ewl/lib/armv6-m\libc.a(strlen.o)
 .debug_loc     0x00002a3f       0x77 C:/Freescale/CW MCU v11.0/MCU/ARM_GCC_Support/ewl/lib/armv6-m\libc.a(memchr.o)
 .debug_loc     0x00002ab6       0x9d C:/Freescale/CW MCU v11.0/MCU/ARM_GCC_Support/ewl/lib/armv6-m\librt.a(gcc_ctor_dtor.o)
 .debug_loc     0x00002b53      0x197 C:/Freescale/CW MCU v11.0/MCU/ARM_GCC_Support/ewl/lib/armv6-m\librt.a(__arm_eabi_init.o)
 .debug_loc     0x00002cea       0xd9 C:/Freescale/CW MCU v11.0/MCU/ARM_GCC_Support/ewl/lib/armv6-m\librt.a(ROMCopy.o)

.debug_aranges  0x00000000      0x458
 .debug_aranges
                0x00000000       0x28 ./Project_Settings/Startup_Code/kinetis_sysinit.o
 .debug_aranges
                0x00000028       0x30 ./Project_Settings/Startup_Code/__arm_start.o
 .debug_aranges
                0x00000058       0x20 ./Project_Settings/Startup_Code/__arm_end.o
 .debug_aranges
                0x00000078       0x28 ./Sources/1_App/main.o
 .debug_aranges
                0x000000a0       0x40 ./Sources/2_HIL/Leds_driver.o
 .debug_aranges
                0x000000e0       0x78 ./Sources/2_HIL/LCD_driver.o
 .debug_aranges
                0x00000158       0x38 ./Sources/2_HIL/Buttons_driver.o
 .debug_aranges
                0x00000190       0x48 ./Sources/3_HAL/GPIO_driver.o
 .debug_aranges
                0x000001d8       0x20 C:/Freescale/CW MCU v11.0/MCU/ARM_GCC_Support/ewl/lib/armv6-m\libc.a(exit.o)
 .debug_aranges
                0x000001f8       0x20 C:/Freescale/CW MCU v11.0/MCU/ARM_GCC_Support/ewl/lib/armv6-m\libc.a(memset.o)
 .debug_aranges
                0x00000218       0x20 C:/Freescale/CW MCU v11.0/MCU/ARM_GCC_Support/ewl/lib/armv6-m\libc.a(__filll_mem.o)
 .debug_aranges
                0x00000238       0x28 C:/Freescale/CW MCU v11.0/MCU/ARM_GCC_Support/ewl/lib/armv6-m\libc.a(printformat_.o)
 .debug_aranges
                0x00000260       0x20 C:/Freescale/CW MCU v11.0/MCU/ARM_GCC_Support/ewl/lib/armv6-m\libc.a(scanformat_.o)
 .debug_aranges
                0x00000280       0x88 C:/Freescale/CW MCU v11.0/MCU/ARM_GCC_Support/ewl/lib/armv6-m\libc.a(ctype_aeabi.o)
 .debug_aranges
                0x00000308       0x20 C:/Freescale/CW MCU v11.0/MCU/ARM_GCC_Support/ewl/lib/armv6-m\libc.a(__strtoul.o)
 .debug_aranges
                0x00000328       0x20 C:/Freescale/CW MCU v11.0/MCU/ARM_GCC_Support/ewl/lib/armv6-m\libc.a(strchr.o)
 .debug_aranges
                0x00000348       0x20 C:/Freescale/CW MCU v11.0/MCU/ARM_GCC_Support/ewl/lib/armv6-m\libc.a(memcpy.o)
 .debug_aranges
                0x00000368       0x20 C:/Freescale/CW MCU v11.0/MCU/ARM_GCC_Support/ewl/lib/armv6-m\libc.a(strlen.o)
 .debug_aranges
                0x00000388       0x20 C:/Freescale/CW MCU v11.0/MCU/ARM_GCC_Support/ewl/lib/armv6-m\libc.a(memchr.o)
 .debug_aranges
                0x000003a8       0x28 C:/Freescale/CW MCU v11.0/MCU/ARM_GCC_Support/ewl/lib/armv6-m\librt.a(gcc_ctor_dtor.o)
 .debug_aranges
                0x000003d0       0x58 C:/Freescale/CW MCU v11.0/MCU/ARM_GCC_Support/ewl/lib/armv6-m\librt.a(__arm_eabi_init.o)
 .debug_aranges
                0x00000428       0x30 C:/Freescale/CW MCU v11.0/MCU/ARM_GCC_Support/ewl/lib/armv6-m\librt.a(ROMCopy.o)

.debug_macinfo  0x00000000    0xed2b6
 .debug_macinfo
                0x00000000    0x264f0 ./Project_Settings/Startup_Code/kinetis_sysinit.o
 .debug_macinfo
                0x000264f0     0x3e6d ./Project_Settings/Startup_Code/__arm_start.o
 .debug_macinfo
                0x0002a35d     0x3456 ./Project_Settings/Startup_Code/__arm_end.o
 .debug_macinfo
                0x0002d7b3    0x26593 ./Sources/1_App/main.o
 .debug_macinfo
                0x00053d46    0x26501 ./Sources/2_HIL/Leds_driver.o
 .debug_macinfo
                0x0007a247    0x265e1 ./Sources/2_HIL/LCD_driver.o
 .debug_macinfo
                0x000a0828    0x265ab ./Sources/2_HIL/Buttons_driver.o
 .debug_macinfo
                0x000c6dd3    0x264e3 ./Sources/3_HAL/GPIO_driver.o

.debug_line     0x00000000     0x24f3
 .debug_line    0x00000000      0x216 ./Project_Settings/Startup_Code/kinetis_sysinit.o
 .debug_line    0x00000216      0x299 ./Project_Settings/Startup_Code/__arm_start.o
 .debug_line    0x000004af      0x265 ./Project_Settings/Startup_Code/__arm_end.o
 .debug_line    0x00000714      0x2b8 ./Sources/1_App/main.o
 .debug_line    0x000009cc      0x2b3 ./Sources/2_HIL/Leds_driver.o
 .debug_line    0x00000c7f      0x348 ./Sources/2_HIL/LCD_driver.o
 .debug_line    0x00000fc7      0x307 ./Sources/2_HIL/Buttons_driver.o
 .debug_line    0x000012ce      0x349 ./Sources/3_HAL/GPIO_driver.o
 .debug_line    0x00001617       0x8d C:/Freescale/CW MCU v11.0/MCU/ARM_GCC_Support/ewl/lib/armv6-m\libc.a(exit.o)
 .debug_line    0x000016a4       0x90 C:/Freescale/CW MCU v11.0/MCU/ARM_GCC_Support/ewl/lib/armv6-m\libc.a(memset.o)
 .debug_line    0x00001734       0xf6 C:/Freescale/CW MCU v11.0/MCU/ARM_GCC_Support/ewl/lib/armv6-m\libc.a(__filll_mem.o)
 .debug_line    0x0000182a      0x2c3 C:/Freescale/CW MCU v11.0/MCU/ARM_GCC_Support/ewl/lib/armv6-m\libc.a(printformat_.o)
 .debug_line    0x00001aed      0x2be C:/Freescale/CW MCU v11.0/MCU/ARM_GCC_Support/ewl/lib/armv6-m\libc.a(scanformat_.o)
 .debug_line    0x00001dab      0x1be C:/Freescale/CW MCU v11.0/MCU/ARM_GCC_Support/ewl/lib/armv6-m\libc.a(ctype_aeabi.o)
 .debug_line    0x00001f69      0x11e C:/Freescale/CW MCU v11.0/MCU/ARM_GCC_Support/ewl/lib/armv6-m\libc.a(__strtoul.o)
 .debug_line    0x00002087       0x7d C:/Freescale/CW MCU v11.0/MCU/ARM_GCC_Support/ewl/lib/armv6-m\libc.a(strchr.o)
 .debug_line    0x00002104       0x8b C:/Freescale/CW MCU v11.0/MCU/ARM_GCC_Support/ewl/lib/armv6-m\libc.a(memcpy.o)
 .debug_line    0x0000218f       0x85 C:/Freescale/CW MCU v11.0/MCU/ARM_GCC_Support/ewl/lib/armv6-m\libc.a(strlen.o)
 .debug_line    0x00002214       0x9f C:/Freescale/CW MCU v11.0/MCU/ARM_GCC_Support/ewl/lib/armv6-m\libc.a(memchr.o)
 .debug_line    0x000022b3       0x6c C:/Freescale/CW MCU v11.0/MCU/ARM_GCC_Support/ewl/lib/armv6-m\librt.a(gcc_ctor_dtor.o)
 .debug_line    0x0000231f      0x117 C:/Freescale/CW MCU v11.0/MCU/ARM_GCC_Support/ewl/lib/armv6-m\librt.a(__arm_eabi_init.o)
 .debug_line    0x00002436       0xbd C:/Freescale/CW MCU v11.0/MCU/ARM_GCC_Support/ewl/lib/armv6-m\librt.a(ROMCopy.o)

.debug_str      0x00000000     0x13e2
 .debug_str     0x00000000      0x297 ./Project_Settings/Startup_Code/kinetis_sysinit.o
                                0x2be (size before relaxing)
 .debug_str     0x00000297       0x85 ./Project_Settings/Startup_Code/__arm_start.o
                                0x198 (size before relaxing)
 .debug_str     0x0000031c       0x41 ./Project_Settings/Startup_Code/__arm_end.o
                                 0xcf (size before relaxing)
 .debug_str     0x0000035d      0x356 ./Sources/1_App/main.o
                                0x468 (size before relaxing)
 .debug_str     0x000006b3      0x110 ./Sources/2_HIL/Leds_driver.o
                                0x334 (size before relaxing)
 .debug_str     0x000007c3      0x1fd ./Sources/2_HIL/LCD_driver.o
                                0x5b5 (size before relaxing)
 .debug_str     0x000009c0       0x99 ./Sources/2_HIL/Buttons_driver.o
                                0x368 (size before relaxing)
 .debug_str     0x00000a59       0xfb ./Sources/3_HAL/GPIO_driver.o
                                0x43e (size before relaxing)
 .debug_str     0x00000b54       0x5a C:/Freescale/CW MCU v11.0/MCU/ARM_GCC_Support/ewl/lib/armv6-m\libc.a(exit.o)
                                0x157 (size before relaxing)
 .debug_str     0x00000bae       0x23 C:/Freescale/CW MCU v11.0/MCU/ARM_GCC_Support/ewl/lib/armv6-m\libc.a(memset.o)
                                0x140 (size before relaxing)
 .debug_str     0x00000bd1       0x2d C:/Freescale/CW MCU v11.0/MCU/ARM_GCC_Support/ewl/lib/armv6-m\libc.a(__filll_mem.o)
                                0x152 (size before relaxing)
 .debug_str     0x00000bfe      0x233 C:/Freescale/CW MCU v11.0/MCU/ARM_GCC_Support/ewl/lib/armv6-m\libc.a(printformat_.o)
                                0x3b3 (size before relaxing)
 .debug_str     0x00000e31      0x184 C:/Freescale/CW MCU v11.0/MCU/ARM_GCC_Support/ewl/lib/armv6-m\libc.a(scanformat_.o)
                                0x3f9 (size before relaxing)
 .debug_str     0x00000fb5       0x9d C:/Freescale/CW MCU v11.0/MCU/ARM_GCC_Support/ewl/lib/armv6-m\libc.a(ctype_aeabi.o)
                                0x1bc (size before relaxing)
 .debug_str     0x00001052       0x61 C:/Freescale/CW MCU v11.0/MCU/ARM_GCC_Support/ewl/lib/armv6-m\libc.a(__strtoul.o)
                                0x1fb (size before relaxing)
 .debug_str     0x000010b3       0x1c C:/Freescale/CW MCU v11.0/MCU/ARM_GCC_Support/ewl/lib/armv6-m\libc.a(strchr.o)
                                0x137 (size before relaxing)
 .debug_str     0x000010cf       0x1c C:/Freescale/CW MCU v11.0/MCU/ARM_GCC_Support/ewl/lib/armv6-m\libc.a(memcpy.o)
                                0x138 (size before relaxing)
 .debug_str     0x000010eb       0x1c C:/Freescale/CW MCU v11.0/MCU/ARM_GCC_Support/ewl/lib/armv6-m\libc.a(strlen.o)
                                0x140 (size before relaxing)
 .debug_str     0x00001107       0x1c C:/Freescale/CW MCU v11.0/MCU/ARM_GCC_Support/ewl/lib/armv6-m\libc.a(memchr.o)
                                0x148 (size before relaxing)
 .debug_str     0x00001123      0x126 C:/Freescale/CW MCU v11.0/MCU/ARM_GCC_Support/ewl/lib/armv6-m\librt.a(gcc_ctor_dtor.o)
                                0x181 (size before relaxing)
 .debug_str     0x00001249       0xf8 C:/Freescale/CW MCU v11.0/MCU/ARM_GCC_Support/ewl/lib/armv6-m\librt.a(__arm_eabi_init.o)
                                0x1b5 (size before relaxing)
 .debug_str     0x00001341       0xa1 C:/Freescale/CW MCU v11.0/MCU/ARM_GCC_Support/ewl/lib/armv6-m\librt.a(ROMCopy.o)
                                0x13c (size before relaxing)

.comment        0x00000000       0x79
 .comment       0x00000000       0x79 ./Project_Settings/Startup_Code/kinetis_sysinit.o
                                 0x7a (size before relaxing)
 .comment       0x00000000       0x7a ./Project_Settings/Startup_Code/__arm_start.o
 .comment       0x00000000       0x7a ./Project_Settings/Startup_Code/__arm_end.o
 .comment       0x00000000       0x7a ./Sources/1_App/main.o
 .comment       0x00000000       0x7a ./Sources/2_HIL/Leds_driver.o
 .comment       0x00000000       0x7a ./Sources/2_HIL/LCD_driver.o
 .comment       0x00000000       0x7a ./Sources/2_HIL/Buttons_driver.o
 .comment       0x00000000       0x7a ./Sources/3_HAL/GPIO_driver.o
 .comment       0x00000000       0x7a C:/Freescale/CW MCU v11.0/MCU/ARM_GCC_Support/ewl/lib/armv6-m\libc.a(exit.o)
 .comment       0x00000000       0x7a C:/Freescale/CW MCU v11.0/MCU/ARM_GCC_Support/ewl/lib/armv6-m\libc.a(memset.o)
 .comment       0x00000000       0x7a C:/Freescale/CW MCU v11.0/MCU/ARM_GCC_Support/ewl/lib/armv6-m\libc.a(__filll_mem.o)
 .comment       0x00000000       0x7a C:/Freescale/CW MCU v11.0/MCU/ARM_GCC_Support/ewl/lib/armv6-m\libc.a(printformat_.o)
 .comment       0x00000000       0x7a C:/Freescale/CW MCU v11.0/MCU/ARM_GCC_Support/ewl/lib/armv6-m\libc.a(scanformat_.o)
 .comment       0x00000000       0x7a C:/Freescale/CW MCU v11.0/MCU/ARM_GCC_Support/ewl/lib/armv6-m\libc.a(ctype_aeabi.o)
 .comment       0x00000000       0x7a C:/Freescale/CW MCU v11.0/MCU/ARM_GCC_Support/ewl/lib/armv6-m\libc.a(__strtoul.o)
 .comment       0x00000000       0x7a C:/Freescale/CW MCU v11.0/MCU/ARM_GCC_Support/ewl/lib/armv6-m\libc.a(strchr.o)
 .comment       0x00000000       0x7a C:/Freescale/CW MCU v11.0/MCU/ARM_GCC_Support/ewl/lib/armv6-m\libc.a(memcpy.o)
 .comment       0x00000000       0x7a C:/Freescale/CW MCU v11.0/MCU/ARM_GCC_Support/ewl/lib/armv6-m\libc.a(strlen.o)
 .comment       0x00000000       0x7a C:/Freescale/CW MCU v11.0/MCU/ARM_GCC_Support/ewl/lib/armv6-m\libc.a(memchr.o)
 .comment       0x00000000       0x7a C:/Freescale/CW MCU v11.0/MCU/ARM_GCC_Support/ewl/lib/armv6-m\librt.a(gcc_ctor_dtor.o)
 .comment       0x00000000       0x7a C:/Freescale/CW MCU v11.0/MCU/ARM_GCC_Support/ewl/lib/armv6-m\librt.a(__arm_eabi_init.o)
 .comment       0x00000000       0x7a C:/Freescale/CW MCU v11.0/MCU/ARM_GCC_Support/ewl/lib/armv6-m\librt.a(ROMCopy.o)

.debug_frame    0x00000000      0x940
 .debug_frame   0x00000000       0x48 ./Project_Settings/Startup_Code/kinetis_sysinit.o
 .debug_frame   0x00000048       0x4c ./Project_Settings/Startup_Code/__arm_start.o
 .debug_frame   0x00000094       0x30 ./Project_Settings/Startup_Code/__arm_end.o
 .debug_frame   0x000000c4       0x50 ./Sources/1_App/main.o
 .debug_frame   0x00000114       0xb0 ./Sources/2_HIL/Leds_driver.o
 .debug_frame   0x000001c4      0x17c ./Sources/2_HIL/LCD_driver.o
 .debug_frame   0x00000340       0x90 ./Sources/2_HIL/Buttons_driver.o
 .debug_frame   0x000003d0       0xd0 ./Sources/3_HAL/GPIO_driver.o
 .debug_frame   0x000004a0       0x2c C:/Freescale/CW MCU v11.0/MCU/ARM_GCC_Support/ewl/lib/armv6-m\libc.a(exit.o)
 .debug_frame   0x000004cc       0x28 C:/Freescale/CW MCU v11.0/MCU/ARM_GCC_Support/ewl/lib/armv6-m\libc.a(memset.o)
 .debug_frame   0x000004f4       0x2c C:/Freescale/CW MCU v11.0/MCU/ARM_GCC_Support/ewl/lib/armv6-m\libc.a(__filll_mem.o)
 .debug_frame   0x00000520       0x54 C:/Freescale/CW MCU v11.0/MCU/ARM_GCC_Support/ewl/lib/armv6-m\libc.a(printformat_.o)
 .debug_frame   0x00000574       0x34 C:/Freescale/CW MCU v11.0/MCU/ARM_GCC_Support/ewl/lib/armv6-m\libc.a(scanformat_.o)
 .debug_frame   0x000005a8      0x158 C:/Freescale/CW MCU v11.0/MCU/ARM_GCC_Support/ewl/lib/armv6-m\libc.a(ctype_aeabi.o)
 .debug_frame   0x00000700       0x30 C:/Freescale/CW MCU v11.0/MCU/ARM_GCC_Support/ewl/lib/armv6-m\libc.a(__strtoul.o)
 .debug_frame   0x00000730       0x28 C:/Freescale/CW MCU v11.0/MCU/ARM_GCC_Support/ewl/lib/armv6-m\libc.a(strchr.o)
 .debug_frame   0x00000758       0x28 C:/Freescale/CW MCU v11.0/MCU/ARM_GCC_Support/ewl/lib/armv6-m\libc.a(memcpy.o)
 .debug_frame   0x00000780       0x28 C:/Freescale/CW MCU v11.0/MCU/ARM_GCC_Support/ewl/lib/armv6-m\libc.a(strlen.o)
 .debug_frame   0x000007a8       0x28 C:/Freescale/CW MCU v11.0/MCU/ARM_GCC_Support/ewl/lib/armv6-m\libc.a(memchr.o)
 .debug_frame   0x000007d0       0x20 c:/freescale/cw mcu v11.0/cross_tools/arm-none-eabi-gcc-4_7_3/bin/../lib/gcc/arm-none-eabi/4.7.3/armv6-m\libgcc.a(_udivsi3.o)
 .debug_frame   0x000007f0       0x40 C:/Freescale/CW MCU v11.0/MCU/ARM_GCC_Support/ewl/lib/armv6-m\librt.a(gcc_ctor_dtor.o)
 .debug_frame   0x00000830       0xbc C:/Freescale/CW MCU v11.0/MCU/ARM_GCC_Support/ewl/lib/armv6-m\librt.a(__arm_eabi_init.o)
 .debug_frame   0x000008ec       0x54 C:/Freescale/CW MCU v11.0/MCU/ARM_GCC_Support/ewl/lib/armv6-m\librt.a(ROMCopy.o)
