Archive member included because of file (symbol)

C:/Freescale/CW MCU v11.0/MCU/ARM_GCC_Support/ewl/lib/armv6-m\libc.a(exit.o)
                              ./Project_Settings/Startup_Code/__arm_start.o (exit)
C:/Freescale/CW MCU v11.0/MCU/ARM_GCC_Support/ewl/lib/armv6-m\libc.a(memset.o)
                              ./Project_Settings/Startup_Code/__arm_start.o (memset)
C:/Freescale/CW MCU v11.0/MCU/ARM_GCC_Support/ewl/lib/armv6-m\libc.a(__filll_mem.o)
                              C:/Freescale/CW MCU v11.0/MCU/ARM_GCC_Support/ewl/lib/armv6-m\libc.a(memset.o) (__fill_mem)
C:/Freescale/CW MCU v11.0/MCU/ARM_GCC_Support/ewl/lib/armv6-m\libc.a(printformat_.o)
                              (__pformatter_)
C:/Freescale/CW MCU v11.0/MCU/ARM_GCC_Support/ewl/lib/armv6-m\libc.a(scanformat_.o)
                              (__sformatter)
C:/Freescale/CW MCU v11.0/MCU/ARM_GCC_Support/ewl/lib/armv6-m\libc.a(ctype_aeabi.o)
                              C:/Freescale/CW MCU v11.0/MCU/ARM_GCC_Support/ewl/lib/armv6-m\libc.a(scanformat_.o) (isspace)
C:/Freescale/CW MCU v11.0/MCU/ARM_GCC_Support/ewl/lib/armv6-m\libc.a(__strtoul.o)
                              C:/Freescale/CW MCU v11.0/MCU/ARM_GCC_Support/ewl/lib/armv6-m\libc.a(scanformat_.o) (__strtoul)
C:/Freescale/CW MCU v11.0/MCU/ARM_GCC_Support/ewl/lib/armv6-m\libc.a(strchr.o)
                              C:/Freescale/CW MCU v11.0/MCU/ARM_GCC_Support/ewl/lib/armv6-m\libc.a(printformat_.o) (strchr)
C:/Freescale/CW MCU v11.0/MCU/ARM_GCC_Support/ewl/lib/armv6-m\libc.a(memcpy.o)
                              C:/Freescale/CW MCU v11.0/MCU/ARM_GCC_Support/ewl/lib/armv6-m\libc.a(scanformat_.o) (memcpy)
C:/Freescale/CW MCU v11.0/MCU/ARM_GCC_Support/ewl/lib/armv6-m\libc.a(strlen.o)
                              C:/Freescale/CW MCU v11.0/MCU/ARM_GCC_Support/ewl/lib/armv6-m\libc.a(printformat_.o) (strlen)
C:/Freescale/CW MCU v11.0/MCU/ARM_GCC_Support/ewl/lib/armv6-m\libc.a(memchr.o)
                              C:/Freescale/CW MCU v11.0/MCU/ARM_GCC_Support/ewl/lib/armv6-m\libc.a(printformat_.o) (memchr)
c:/freescale/cw mcu v11.0/cross_tools/arm-none-eabi-gcc-4_7_3/bin/../lib/gcc/arm-none-eabi/4.7.3/armv6-m\libgcc.a(_thumb1_case_sqi.o)
                              C:/Freescale/CW MCU v11.0/MCU/ARM_GCC_Support/ewl/lib/armv6-m\libc.a(__strtoul.o) (__gnu_thumb1_case_sqi)
c:/freescale/cw mcu v11.0/cross_tools/arm-none-eabi-gcc-4_7_3/bin/../lib/gcc/arm-none-eabi/4.7.3/armv6-m\libgcc.a(_thumb1_case_uqi.o)
                              C:/Freescale/CW MCU v11.0/MCU/ARM_GCC_Support/ewl/lib/armv6-m\libc.a(scanformat_.o) (__gnu_thumb1_case_uqi)
c:/freescale/cw mcu v11.0/cross_tools/arm-none-eabi-gcc-4_7_3/bin/../lib/gcc/arm-none-eabi/4.7.3/armv6-m\libgcc.a(_udivsi3.o)
                              C:/Freescale/CW MCU v11.0/MCU/ARM_GCC_Support/ewl/lib/armv6-m\libc.a(printformat_.o) (__aeabi_uidiv)
c:/freescale/cw mcu v11.0/cross_tools/arm-none-eabi-gcc-4_7_3/bin/../lib/gcc/arm-none-eabi/4.7.3/armv6-m\libgcc.a(_dvmd_tls.o)
                              c:/freescale/cw mcu v11.0/cross_tools/arm-none-eabi-gcc-4_7_3/bin/../lib/gcc/arm-none-eabi/4.7.3/armv6-m\libgcc.a(_udivsi3.o) (__aeabi_idiv0)
C:/Freescale/CW MCU v11.0/MCU/ARM_GCC_Support/ewl/lib/armv6-m\librt.a(gcc_ctor_dtor.o)
                              ./Project_Settings/Startup_Code/__arm_start.o (__init_cpp)
C:/Freescale/CW MCU v11.0/MCU/ARM_GCC_Support/ewl/lib/armv6-m\librt.a(__arm_eabi_init.o)
                              C:/Freescale/CW MCU v11.0/MCU/ARM_GCC_Support/ewl/lib/armv6-m\libc.a(exit.o) (__destroy_global_chain)
C:/Freescale/CW MCU v11.0/MCU/ARM_GCC_Support/ewl/lib/armv6-m\librt.a(ROMCopy.o)
                              ./Project_Settings/Startup_Code/__arm_start.o (__copy_rom_sections_to_ram)

Discarded input sections

 .text          0x00000000        0x0 ./Project_Settings/Startup_Code/kinetis_sysinit.o
 .data          0x00000000        0x0 ./Project_Settings/Startup_Code/kinetis_sysinit.o
 .bss           0x00000000        0x0 ./Project_Settings/Startup_Code/kinetis_sysinit.o
 .text          0x00000000        0x0 ./Project_Settings/Startup_Code/__arm_start.o
 .data          0x00000000        0x0 ./Project_Settings/Startup_Code/__arm_start.o
 .bss           0x00000000        0x0 ./Project_Settings/Startup_Code/__arm_start.o
 .text.__iar_program_start
                0x00000000        0x4 ./Project_Settings/Startup_Code/__arm_start.o
 .text          0x00000000        0x0 ./Project_Settings/Startup_Code/__arm_end.o
 .data          0x00000000        0x0 ./Project_Settings/Startup_Code/__arm_end.o
 .bss           0x00000000        0x0 ./Project_Settings/Startup_Code/__arm_end.o
 .text          0x00000000        0x0 ./Sources/1_App/sa_mtb.o
 .data          0x00000000        0x0 ./Sources/1_App/sa_mtb.o
 .bss           0x00000000        0x0 ./Sources/1_App/sa_mtb.o
 .debug_info    0x00000000       0x21 ./Sources/1_App/sa_mtb.o
 .debug_abbrev  0x00000000       0x12 ./Sources/1_App/sa_mtb.o
 .debug_aranges
                0x00000000       0x18 ./Sources/1_App/sa_mtb.o
 .debug_macinfo
                0x00000000     0x24d8 ./Sources/1_App/sa_mtb.o
 .debug_line    0x00000000       0xb0 ./Sources/1_App/sa_mtb.o
 .debug_str     0x00000000       0x9b ./Sources/1_App/sa_mtb.o
 .comment       0x00000000       0x7a ./Sources/1_App/sa_mtb.o
 .ARM.attributes
                0x00000000       0x31 ./Sources/1_App/sa_mtb.o
 .text          0x00000000        0x0 ./Sources/1_App/main.o
 .data          0x00000000        0x0 ./Sources/1_App/main.o
 .bss           0x00000000        0x0 ./Sources/1_App/main.o
 .text.vfdelay  0x00000000       0x24 ./Sources/1_App/main.o
 .text          0x00000000        0x0 ./Sources/2_HIL/Leds_driver.o
 .data          0x00000000        0x0 ./Sources/2_HIL/Leds_driver.o
 .bss           0x00000000        0x0 ./Sources/2_HIL/Leds_driver.o
 .text.vfToggle_LED
                0x00000000       0x74 ./Sources/2_HIL/Leds_driver.o
 .text.efRead_LED
                0x00000000       0xd4 ./Sources/2_HIL/Leds_driver.o
 .text          0x00000000        0x0 ./Sources/2_HIL/LCD_driver.o
 .data          0x00000000        0x0 ./Sources/2_HIL/LCD_driver.o
 .bss           0x00000000        0x0 ./Sources/2_HIL/LCD_driver.o
 .text          0x00000000        0x0 ./Sources/2_HIL/Buttons_driver.o
 .data          0x00000000        0x0 ./Sources/2_HIL/Buttons_driver.o
 .bss           0x00000000        0x0 ./Sources/2_HIL/Buttons_driver.o
 .text.vfdelay_Button
                0x00000000       0x24 ./Sources/2_HIL/Buttons_driver.o
 .text.efReadButton
                0x00000000       0x94 ./Sources/2_HIL/Buttons_driver.o
 .text          0x00000000        0x0 ./Sources/3_HAL/PWM_driver.o
 .data          0x00000000        0x0 ./Sources/3_HAL/PWM_driver.o
 .bss           0x00000000        0x0 ./Sources/3_HAL/PWM_driver.o
 .text.vfConfigReg_TPM2_PWM
                0x00000000       0x84 ./Sources/3_HAL/PWM_driver.o
 .text.efInit_PWM
                0x00000000      0x108 ./Sources/3_HAL/PWM_driver.o
 .text.vfPercentage_TPM2_PWM
                0x00000000       0x24 ./Sources/3_HAL/PWM_driver.o
 .debug_info    0x00000000      0x5dc ./Sources/3_HAL/PWM_driver.o
 .debug_abbrev  0x00000000      0x11a ./Sources/3_HAL/PWM_driver.o
 .debug_loc     0x00000000       0xa8 ./Sources/3_HAL/PWM_driver.o
 .debug_aranges
                0x00000000       0x30 ./Sources/3_HAL/PWM_driver.o
 .debug_macinfo
                0x00000000    0x26512 ./Sources/3_HAL/PWM_driver.o
 .debug_line    0x00000000      0x237 ./Sources/3_HAL/PWM_driver.o
 .debug_str     0x00000000      0x431 ./Sources/3_HAL/PWM_driver.o
 .comment       0x00000000       0x7a ./Sources/3_HAL/PWM_driver.o
 .ARM.attributes
                0x00000000       0x31 ./Sources/3_HAL/PWM_driver.o
 .debug_frame   0x00000000       0x70 ./Sources/3_HAL/PWM_driver.o
 .text          0x00000000        0x0 ./Sources/3_HAL/PIT_driver.o
 .data          0x00000000        0x0 ./Sources/3_HAL/PIT_driver.o
 .bss           0x00000000        0x0 ./Sources/3_HAL/PIT_driver.o
 .text.efInit_PIT
                0x00000000      0x158 ./Sources/3_HAL/PIT_driver.o
 .text.efRead_PIT
                0x00000000       0x94 ./Sources/3_HAL/PIT_driver.o
 .text.vfEnable_PIT
                0x00000000       0x4c ./Sources/3_HAL/PIT_driver.o
 .text.vfDisable_PIT
                0x00000000       0x54 ./Sources/3_HAL/PIT_driver.o
 .debug_info    0x00000000      0x4f9 ./Sources/3_HAL/PIT_driver.o
 .debug_abbrev  0x00000000      0x13c ./Sources/3_HAL/PIT_driver.o
 .debug_loc     0x00000000       0xe0 ./Sources/3_HAL/PIT_driver.o
 .debug_aranges
                0x00000000       0x38 ./Sources/3_HAL/PIT_driver.o
 .debug_macinfo
                0x00000000    0x26578 ./Sources/3_HAL/PIT_driver.o
 .debug_line    0x00000000      0x248 ./Sources/3_HAL/PIT_driver.o
 .debug_str     0x00000000      0x32b ./Sources/3_HAL/PIT_driver.o
 .comment       0x00000000       0x7a ./Sources/3_HAL/PIT_driver.o
 .ARM.attributes
                0x00000000       0x31 ./Sources/3_HAL/PIT_driver.o
 .debug_frame   0x00000000       0x90 ./Sources/3_HAL/PIT_driver.o
 .text          0x00000000        0x0 ./Sources/3_HAL/GPIO_driver.o
 .data          0x00000000        0x0 ./Sources/3_HAL/GPIO_driver.o
 .bss           0x00000000        0x0 ./Sources/3_HAL/GPIO_driver.o
 .text.vfTogglePin_GPIO
                0x00000000       0xbc ./Sources/3_HAL/GPIO_driver.o
 .rodata.vfTogglePin_GPIO
                0x00000000       0x14 ./Sources/3_HAL/GPIO_driver.o
 .text.vfWritePin_GPIO
                0x00000000      0x1a8 ./Sources/3_HAL/GPIO_driver.o
 .rodata.vfWritePin_GPIO
                0x00000000       0x14 ./Sources/3_HAL/GPIO_driver.o
 .text.vfWritePort_GPIO
                0x00000000       0x78 ./Sources/3_HAL/GPIO_driver.o
 .rodata.vfWritePort_GPIO
                0x00000000       0x14 ./Sources/3_HAL/GPIO_driver.o
 .text          0x00000000        0x0 ./Sources/3_HAL/ADC_driver.o
 .data          0x00000000        0x0 ./Sources/3_HAL/ADC_driver.o
 .bss           0x00000000        0x0 ./Sources/3_HAL/ADC_driver.o
 .text          0x00000000        0x0 C:/Freescale/CW MCU v11.0/MCU/ARM_GCC_Support/ewl/lib/armv6-m\libc.a(exit.o)
 .data          0x00000000        0x0 C:/Freescale/CW MCU v11.0/MCU/ARM_GCC_Support/ewl/lib/armv6-m\libc.a(exit.o)
 .bss           0x00000000        0x0 C:/Freescale/CW MCU v11.0/MCU/ARM_GCC_Support/ewl/lib/armv6-m\libc.a(exit.o)
 .text          0x00000000        0x0 C:/Freescale/CW MCU v11.0/MCU/ARM_GCC_Support/ewl/lib/armv6-m\libc.a(memset.o)
 .data          0x00000000        0x0 C:/Freescale/CW MCU v11.0/MCU/ARM_GCC_Support/ewl/lib/armv6-m\libc.a(memset.o)
 .bss           0x00000000        0x0 C:/Freescale/CW MCU v11.0/MCU/ARM_GCC_Support/ewl/lib/armv6-m\libc.a(memset.o)
 .text          0x00000000        0x0 C:/Freescale/CW MCU v11.0/MCU/ARM_GCC_Support/ewl/lib/armv6-m\libc.a(__filll_mem.o)
 .data          0x00000000        0x0 C:/Freescale/CW MCU v11.0/MCU/ARM_GCC_Support/ewl/lib/armv6-m\libc.a(__filll_mem.o)
 .bss           0x00000000        0x0 C:/Freescale/CW MCU v11.0/MCU/ARM_GCC_Support/ewl/lib/armv6-m\libc.a(__filll_mem.o)
 .text          0x00000000        0x0 C:/Freescale/CW MCU v11.0/MCU/ARM_GCC_Support/ewl/lib/armv6-m\libc.a(printformat_.o)
 .data          0x00000000        0x0 C:/Freescale/CW MCU v11.0/MCU/ARM_GCC_Support/ewl/lib/armv6-m\libc.a(printformat_.o)
 .bss           0x00000000        0x0 C:/Freescale/CW MCU v11.0/MCU/ARM_GCC_Support/ewl/lib/armv6-m\libc.a(printformat_.o)
 .text          0x00000000        0x0 C:/Freescale/CW MCU v11.0/MCU/ARM_GCC_Support/ewl/lib/armv6-m\libc.a(scanformat_.o)
 .data          0x00000000        0x0 C:/Freescale/CW MCU v11.0/MCU/ARM_GCC_Support/ewl/lib/armv6-m\libc.a(scanformat_.o)
 .bss           0x00000000        0x0 C:/Freescale/CW MCU v11.0/MCU/ARM_GCC_Support/ewl/lib/armv6-m\libc.a(scanformat_.o)
 .text          0x00000000        0x0 C:/Freescale/CW MCU v11.0/MCU/ARM_GCC_Support/ewl/lib/armv6-m\libc.a(ctype_aeabi.o)
 .data          0x00000000        0x0 C:/Freescale/CW MCU v11.0/MCU/ARM_GCC_Support/ewl/lib/armv6-m\libc.a(ctype_aeabi.o)
 .bss           0x00000000        0x0 C:/Freescale/CW MCU v11.0/MCU/ARM_GCC_Support/ewl/lib/armv6-m\libc.a(ctype_aeabi.o)
 .text.isalnum  0x00000000       0x1c C:/Freescale/CW MCU v11.0/MCU/ARM_GCC_Support/ewl/lib/armv6-m\libc.a(ctype_aeabi.o)
 .text.iscntrl  0x00000000       0x20 C:/Freescale/CW MCU v11.0/MCU/ARM_GCC_Support/ewl/lib/armv6-m\libc.a(ctype_aeabi.o)
 .text.isdigit  0x00000000        0xe C:/Freescale/CW MCU v11.0/MCU/ARM_GCC_Support/ewl/lib/armv6-m\libc.a(ctype_aeabi.o)
 .text.isgraph  0x00000000       0x1c C:/Freescale/CW MCU v11.0/MCU/ARM_GCC_Support/ewl/lib/armv6-m\libc.a(ctype_aeabi.o)
 .text.islower  0x00000000       0x20 C:/Freescale/CW MCU v11.0/MCU/ARM_GCC_Support/ewl/lib/armv6-m\libc.a(ctype_aeabi.o)
 .text.isprint  0x00000000       0x1c C:/Freescale/CW MCU v11.0/MCU/ARM_GCC_Support/ewl/lib/armv6-m\libc.a(ctype_aeabi.o)
 .text.ispunct  0x00000000       0x20 C:/Freescale/CW MCU v11.0/MCU/ARM_GCC_Support/ewl/lib/armv6-m\libc.a(ctype_aeabi.o)
 .text.isupper  0x00000000       0x20 C:/Freescale/CW MCU v11.0/MCU/ARM_GCC_Support/ewl/lib/armv6-m\libc.a(ctype_aeabi.o)
 .text.isxdigit
                0x00000000       0x20 C:/Freescale/CW MCU v11.0/MCU/ARM_GCC_Support/ewl/lib/armv6-m\libc.a(ctype_aeabi.o)
 .text.isblank  0x00000000       0x28 C:/Freescale/CW MCU v11.0/MCU/ARM_GCC_Support/ewl/lib/armv6-m\libc.a(ctype_aeabi.o)
 .text.tolower  0x00000000        0xe C:/Freescale/CW MCU v11.0/MCU/ARM_GCC_Support/ewl/lib/armv6-m\libc.a(ctype_aeabi.o)
 .text          0x00000000        0x0 C:/Freescale/CW MCU v11.0/MCU/ARM_GCC_Support/ewl/lib/armv6-m\libc.a(__strtoul.o)
 .data          0x00000000        0x0 C:/Freescale/CW MCU v11.0/MCU/ARM_GCC_Support/ewl/lib/armv6-m\libc.a(__strtoul.o)
 .bss           0x00000000        0x0 C:/Freescale/CW MCU v11.0/MCU/ARM_GCC_Support/ewl/lib/armv6-m\libc.a(__strtoul.o)
 .text          0x00000000        0x0 C:/Freescale/CW MCU v11.0/MCU/ARM_GCC_Support/ewl/lib/armv6-m\libc.a(strchr.o)
 .data          0x00000000        0x0 C:/Freescale/CW MCU v11.0/MCU/ARM_GCC_Support/ewl/lib/armv6-m\libc.a(strchr.o)
 .bss           0x00000000        0x0 C:/Freescale/CW MCU v11.0/MCU/ARM_GCC_Support/ewl/lib/armv6-m\libc.a(strchr.o)
 .text          0x00000000        0x0 C:/Freescale/CW MCU v11.0/MCU/ARM_GCC_Support/ewl/lib/armv6-m\libc.a(memcpy.o)
 .data          0x00000000        0x0 C:/Freescale/CW MCU v11.0/MCU/ARM_GCC_Support/ewl/lib/armv6-m\libc.a(memcpy.o)
 .bss           0x00000000        0x0 C:/Freescale/CW MCU v11.0/MCU/ARM_GCC_Support/ewl/lib/armv6-m\libc.a(memcpy.o)
 .text          0x00000000        0x0 C:/Freescale/CW MCU v11.0/MCU/ARM_GCC_Support/ewl/lib/armv6-m\libc.a(strlen.o)
 .data          0x00000000        0x0 C:/Freescale/CW MCU v11.0/MCU/ARM_GCC_Support/ewl/lib/armv6-m\libc.a(strlen.o)
 .bss           0x00000000        0x0 C:/Freescale/CW MCU v11.0/MCU/ARM_GCC_Support/ewl/lib/armv6-m\libc.a(strlen.o)
 .text          0x00000000        0x0 C:/Freescale/CW MCU v11.0/MCU/ARM_GCC_Support/ewl/lib/armv6-m\libc.a(memchr.o)
 .data          0x00000000        0x0 C:/Freescale/CW MCU v11.0/MCU/ARM_GCC_Support/ewl/lib/armv6-m\libc.a(memchr.o)
 .bss           0x00000000        0x0 C:/Freescale/CW MCU v11.0/MCU/ARM_GCC_Support/ewl/lib/armv6-m\libc.a(memchr.o)
 .data          0x00000000        0x0 c:/freescale/cw mcu v11.0/cross_tools/arm-none-eabi-gcc-4_7_3/bin/../lib/gcc/arm-none-eabi/4.7.3/armv6-m\libgcc.a(_thumb1_case_sqi.o)
 .bss           0x00000000        0x0 c:/freescale/cw mcu v11.0/cross_tools/arm-none-eabi-gcc-4_7_3/bin/../lib/gcc/arm-none-eabi/4.7.3/armv6-m\libgcc.a(_thumb1_case_sqi.o)
 .data          0x00000000        0x0 c:/freescale/cw mcu v11.0/cross_tools/arm-none-eabi-gcc-4_7_3/bin/../lib/gcc/arm-none-eabi/4.7.3/armv6-m\libgcc.a(_thumb1_case_uqi.o)
 .bss           0x00000000        0x0 c:/freescale/cw mcu v11.0/cross_tools/arm-none-eabi-gcc-4_7_3/bin/../lib/gcc/arm-none-eabi/4.7.3/armv6-m\libgcc.a(_thumb1_case_uqi.o)
 .data          0x00000000        0x0 c:/freescale/cw mcu v11.0/cross_tools/arm-none-eabi-gcc-4_7_3/bin/../lib/gcc/arm-none-eabi/4.7.3/armv6-m\libgcc.a(_udivsi3.o)
 .bss           0x00000000        0x0 c:/freescale/cw mcu v11.0/cross_tools/arm-none-eabi-gcc-4_7_3/bin/../lib/gcc/arm-none-eabi/4.7.3/armv6-m\libgcc.a(_udivsi3.o)
 .data          0x00000000        0x0 c:/freescale/cw mcu v11.0/cross_tools/arm-none-eabi-gcc-4_7_3/bin/../lib/gcc/arm-none-eabi/4.7.3/armv6-m\libgcc.a(_dvmd_tls.o)
 .bss           0x00000000        0x0 c:/freescale/cw mcu v11.0/cross_tools/arm-none-eabi-gcc-4_7_3/bin/../lib/gcc/arm-none-eabi/4.7.3/armv6-m\libgcc.a(_dvmd_tls.o)
 .text          0x00000000        0x0 C:/Freescale/CW MCU v11.0/MCU/ARM_GCC_Support/ewl/lib/armv6-m\librt.a(gcc_ctor_dtor.o)
 .data          0x00000000        0x0 C:/Freescale/CW MCU v11.0/MCU/ARM_GCC_Support/ewl/lib/armv6-m\librt.a(gcc_ctor_dtor.o)
 .bss           0x00000000        0x0 C:/Freescale/CW MCU v11.0/MCU/ARM_GCC_Support/ewl/lib/armv6-m\librt.a(gcc_ctor_dtor.o)
 .bss.__dso_handle
                0x00000000        0x4 C:/Freescale/CW MCU v11.0/MCU/ARM_GCC_Support/ewl/lib/armv6-m\librt.a(gcc_ctor_dtor.o)
 .text          0x00000000        0x0 C:/Freescale/CW MCU v11.0/MCU/ARM_GCC_Support/ewl/lib/armv6-m\librt.a(__arm_eabi_init.o)
 .data          0x00000000        0x0 C:/Freescale/CW MCU v11.0/MCU/ARM_GCC_Support/ewl/lib/armv6-m\librt.a(__arm_eabi_init.o)
 .bss           0x00000000        0x0 C:/Freescale/CW MCU v11.0/MCU/ARM_GCC_Support/ewl/lib/armv6-m\librt.a(__arm_eabi_init.o)
 .text.__register_global_object
                0x00000000       0x14 C:/Freescale/CW MCU v11.0/MCU/ARM_GCC_Support/ewl/lib/armv6-m\librt.a(__arm_eabi_init.o)
 .text.__cxa_atexit
                0x00000000       0x38 C:/Freescale/CW MCU v11.0/MCU/ARM_GCC_Support/ewl/lib/armv6-m\librt.a(__arm_eabi_init.o)
 .text.__aeabi_atexit
                0x00000000        0xe C:/Freescale/CW MCU v11.0/MCU/ARM_GCC_Support/ewl/lib/armv6-m\librt.a(__arm_eabi_init.o)
 .text.__register_atexit
                0x00000000        0xc C:/Freescale/CW MCU v11.0/MCU/ARM_GCC_Support/ewl/lib/armv6-m\librt.a(__arm_eabi_init.o)
 .text.__init_hardware
                0x00000000        0x4 C:/Freescale/CW MCU v11.0/MCU/ARM_GCC_Support/ewl/lib/armv6-m\librt.a(__arm_eabi_init.o)
 .bss.atexit_curr_func
                0x00000000        0x4 C:/Freescale/CW MCU v11.0/MCU/ARM_GCC_Support/ewl/lib/armv6-m\librt.a(__arm_eabi_init.o)
 .bss.atexit_funcs
                0x00000000      0x300 C:/Freescale/CW MCU v11.0/MCU/ARM_GCC_Support/ewl/lib/armv6-m\librt.a(__arm_eabi_init.o)
 .text          0x00000000        0x0 C:/Freescale/CW MCU v11.0/MCU/ARM_GCC_Support/ewl/lib/armv6-m\librt.a(ROMCopy.o)
 .data          0x00000000        0x0 C:/Freescale/CW MCU v11.0/MCU/ARM_GCC_Support/ewl/lib/armv6-m\librt.a(ROMCopy.o)
 .bss           0x00000000        0x0 C:/Freescale/CW MCU v11.0/MCU/ARM_GCC_Support/ewl/lib/armv6-m\librt.a(ROMCopy.o)
 .text.__flush_cache
                0x00000000        0x2 C:/Freescale/CW MCU v11.0/MCU/ARM_GCC_Support/ewl/lib/armv6-m\librt.a(ROMCopy.o)

Memory Configuration

Name             Origin             Length             Attributes
m_interrupts     0x00000000         0x000000c0         xr
m_cfmprotrom     0x00000400         0x00000010         xr
m_text           0x00000800         0x0001f800         xr
m_data           0x1ffff000         0x00004000         xrw
*default*        0x00000000         0xffffffff

Linker script and memory map

LOAD ./Project_Settings/Startup_Code/kinetis_sysinit.o
LOAD ./Project_Settings/Startup_Code/__arm_start.o
LOAD ./Project_Settings/Startup_Code/__arm_end.o
LOAD ./Sources/1_App/sa_mtb.o
LOAD ./Sources/1_App/main.o
LOAD ./Sources/2_HIL/Leds_driver.o
LOAD ./Sources/2_HIL/LCD_driver.o
LOAD ./Sources/2_HIL/Buttons_driver.o
LOAD ./Sources/3_HAL/PWM_driver.o
LOAD ./Sources/3_HAL/PIT_driver.o
LOAD ./Sources/3_HAL/GPIO_driver.o
LOAD ./Sources/3_HAL/ADC_driver.o
                0x00002538                __pformatter = __pformatter_
                [0x00002960]                __sformatter = __sformatter
START GROUP
LOAD C:/Freescale/CW MCU v11.0/MCU/ARM_GCC_Support/ewl/lib/armv6-m\libc.a
LOAD C:/Freescale/CW MCU v11.0/MCU/ARM_GCC_Support/ewl/lib/armv6-m\libm.a
LOAD c:/freescale/cw mcu v11.0/cross_tools/arm-none-eabi-gcc-4_7_3/bin/../lib/gcc/arm-none-eabi/4.7.3/armv6-m\libgcc.a
LOAD C:/Freescale/CW MCU v11.0/MCU/ARM_GCC_Support/ewl/lib/armv6-m\librt.a
LOAD C:/Freescale/CW MCU v11.0/MCU/ARM_GCC_Support/ewl/lib/armv6-m\libuart.a
END GROUP
                0x20003000                _estack = 0x20003000
                0x20003000                __SP_INIT = _estack
                0x00000400                __heap_size = 0x400
                0x00000400                __stack_size = 0x400

.interrupts     0x00000000       0xc0
                0x00000000                __vector_table = .
                0x00000000                . = ALIGN (0x4)
 *(.vectortable)
 .vectortable   0x00000000       0xc0 ./Project_Settings/Startup_Code/kinetis_sysinit.o
                0x00000000                InterruptVector
                0x000000c0                . = ALIGN (0x4)

.cfmprotect     0x00000400        0x0
                0x00000400                . = ALIGN (0x4)
 *(.cfmconfig)
                0x00000400                . = ALIGN (0x4)

.text           0x00000800     0x2d20
                0x00000800                . = ALIGN (0x4)
 *(.text)
 .text          0x00000800       0x14 c:/freescale/cw mcu v11.0/cross_tools/arm-none-eabi-gcc-4_7_3/bin/../lib/gcc/arm-none-eabi/4.7.3/armv6-m\libgcc.a(_thumb1_case_sqi.o)
                0x00000800                __gnu_thumb1_case_sqi
 .text          0x00000814       0x14 c:/freescale/cw mcu v11.0/cross_tools/arm-none-eabi-gcc-4_7_3/bin/../lib/gcc/arm-none-eabi/4.7.3/armv6-m\libgcc.a(_thumb1_case_uqi.o)
                0x00000814                __gnu_thumb1_case_uqi
 .text          0x00000828       0x9c c:/freescale/cw mcu v11.0/cross_tools/arm-none-eabi-gcc-4_7_3/bin/../lib/gcc/arm-none-eabi/4.7.3/armv6-m\libgcc.a(_udivsi3.o)
                0x00000828                __aeabi_uidiv
                0x00000828                __udivsi3
                0x000008b0                __aeabi_uidivmod
 .text          0x000008c4        0x4 c:/freescale/cw mcu v11.0/cross_tools/arm-none-eabi-gcc-4_7_3/bin/../lib/gcc/arm-none-eabi/4.7.3/armv6-m\libgcc.a(_dvmd_tls.o)
                0x000008c4                __aeabi_idiv0
                0x000008c4                __aeabi_ldiv0
 *(.text*)
 .text.Default_Handler
                0x000008c8        0xc ./Project_Settings/Startup_Code/kinetis_sysinit.o
                0x000008c8                RTC_Alarm_IRQHandler
                0x000008c8                I2C0_IRQHandler
                0x000008c8                HardFault_Handler
                0x000008c8                SysTick_Handler
                0x000008c8                PendSV_Handler
                0x000008c8                NMI_Handler
                0x000008c8                I2C1_IRQHandler
                0x000008c8                UART1_IRQHandler
                0x000008c8                DMA2_IRQHandler
                0x000008c8                TSI0_IRQHandler
                0x000008c8                UART0_IRQHandler
                0x000008c8                ADC0_IRQHandler
                0x000008c8                SPI1_IRQHandler
                0x000008c8                PORTD_IRQHandler
                0x000008c8                LPTimer_IRQHandler
                0x000008c8                FTM1_IRQHandler
                0x000008c8                RTC_Seconds_IRQHandler
                0x000008c8                MCG_IRQHandler
                0x000008c8                UART2_IRQHandler
                0x000008c8                Default_Handler
                0x000008c8                LLW_IRQHandler
                0x000008c8                PIT_IRQHandler
                0x000008c8                SVC_Handler
                0x000008c8                USBOTG_IRQHandler
                0x000008c8                DMA3_IRQHandler
                0x000008c8                DMA0_IRQHandler
                0x000008c8                DAC0_IRQHandler
                0x000008c8                PMC_IRQHandler
                0x000008c8                SPI0_IRQHandler
                0x000008c8                FTM0_IRQHandler
                0x000008c8                PORTA_IRQHandler
                0x000008c8                MCM_IRQHandler
                0x000008c8                FTFL_IRQHandler
                0x000008c8                FTM2_IRQHandler
                0x000008c8                CMP0_IRQHandler
                0x000008c8                DMA1_IRQHandler
 .text.__init_hardware
                0x000008d4       0x2c ./Project_Settings/Startup_Code/kinetis_sysinit.o
                0x000008d4                __init_hardware
 .text.zero_fill_bss
                0x00000900       0x24 ./Project_Settings/Startup_Code/__arm_start.o
 .text.__thumb_startup
                0x00000924       0x30 ./Project_Settings/Startup_Code/__arm_start.o
                0x00000924                __thumb_startup
 .text._ExitProcess
                0x00000954        0xc ./Project_Settings/Startup_Code/__arm_end.o
                0x00000954                _ExitProcess
 .text.main     0x00000960      0x128 ./Sources/1_App/main.o
                0x00000960                main
 .text.efInit_LED
                0x00000a88       0xd0 ./Sources/2_HIL/Leds_driver.o
                0x00000a88                efInit_LED
 .text.vfTurnOn_LED
                0x00000b58       0x74 ./Sources/2_HIL/Leds_driver.o
                0x00000b58                vfTurnOn_LED
 .text.vfTurnOff_LED
                0x00000bcc       0x74 ./Sources/2_HIL/Leds_driver.o
                0x00000bcc                vfTurnOff_LED
 .text.vfDelay_LCD
                0x00000c40       0x24 ./Sources/2_HIL/LCD_driver.o
                0x00000c40                vfDelay_LCD
 .text.vfRsLow_LCD
                0x00000c64       0x20 ./Sources/2_HIL/LCD_driver.o
                0x00000c64                vfRsLow_LCD
 .text.vfRsHigh_LCD
                0x00000c84       0x20 ./Sources/2_HIL/LCD_driver.o
                0x00000c84                vfRsHigh_LCD
 .text.vfEnLow_LCD
                0x00000ca4       0x20 ./Sources/2_HIL/LCD_driver.o
                0x00000ca4                vfEnLow_LCD
 .text.vfEnHigh_LCD
                0x00000cc4       0x20 ./Sources/2_HIL/LCD_driver.o
                0x00000cc4                vfEnHigh_LCD
 .text.vfDataAssignMSB_LCD
                0x00000ce4       0x94 ./Sources/2_HIL/LCD_driver.o
                0x00000ce4                vfDataAssignMSB_LCD
 .text.vfDataAssignLSB_LCD
                0x00000d78       0x90 ./Sources/2_HIL/LCD_driver.o
                0x00000d78                vfDataAssignLSB_LCD
 .text.efPinsInit_LCD
                0x00000e08       0xcc ./Sources/2_HIL/LCD_driver.o
                0x00000e08                efPinsInit_LCD
 .text.efInit_LCD
                0x00000ed4       0x64 ./Sources/2_HIL/LCD_driver.o
                0x00000ed4                efInit_LCD
 .text.vfSendPosition_LCD
                0x00000f38       0x74 ./Sources/2_HIL/LCD_driver.o
                0x00000f38                vfSendPosition_LCD
 .text.vfSendCommand_LCD
                0x00000fac       0x54 ./Sources/2_HIL/LCD_driver.o
                0x00000fac                vfSendCommand_LCD
 .text.vfSendData_LCD
                0x00001000       0x58 ./Sources/2_HIL/LCD_driver.o
                0x00001000                vfSendData_LCD
 .text.vfClear_LCD
                0x00001058       0x4c ./Sources/2_HIL/LCD_driver.o
                0x00001058                vfClear_LCD
 .text.vfSendMessage_LCD
                0x000010a4       0x54 ./Sources/2_HIL/LCD_driver.o
                0x000010a4                vfSendMessage_LCD
 .text.efCreateButton
                0x000010f8      0x318 ./Sources/2_HIL/Buttons_driver.o
                0x000010f8                efCreateButton
 .text.efReadButtonNonBlocking
                0x00001410       0x9c ./Sources/2_HIL/Buttons_driver.o
                0x00001410                efReadButtonNonBlocking
 .text.efInit_GPIO
                0x000014ac      0x53c ./Sources/3_HAL/GPIO_driver.o
                0x000014ac                efInit_GPIO
 .text.vfSetPin_GPIO
                0x000019e8       0xbc ./Sources/3_HAL/GPIO_driver.o
                0x000019e8                vfSetPin_GPIO
 .text.vfClearPin_GPIO
                0x00001aa4       0xc8 ./Sources/3_HAL/GPIO_driver.o
                0x00001aa4                vfClearPin_GPIO
 .text.efReadPin_GPIO
                0x00001b6c      0x14c ./Sources/3_HAL/GPIO_driver.o
                0x00001b6c                efReadPin_GPIO
 .text.vfReadPinsPortB_ADC
                0x00001cb8      0x160 ./Sources/3_HAL/ADC_driver.o
                0x00001cb8                vfReadPinsPortB_ADC
 .text.vfReadPinsPortE_ADC
                0x00001e18      0x15c ./Sources/3_HAL/ADC_driver.o
                0x00001e18                vfReadPinsPortE_ADC
 .text.vfConfigReg_ADC
                0x00001f74      0x154 ./Sources/3_HAL/ADC_driver.o
                0x00001f74                vfConfigReg_ADC
 .text.efInit_ADC
                0x000020c8       0x84 ./Sources/3_HAL/ADC_driver.o
                0x000020c8                efInit_ADC
 .text.efRead_ADC
                0x0000214c       0x58 ./Sources/3_HAL/ADC_driver.o
                0x0000214c                efRead_ADC
 .text.vfConvert_ADC
                0x000021a4      0x134 ./Sources/3_HAL/ADC_driver.o
                0x000021a4                vfConvert_ADC
 .text.exit     0x000022d8       0x38 C:/Freescale/CW MCU v11.0/MCU/ARM_GCC_Support/ewl/lib/armv6-m\libc.a(exit.o)
                0x000022d8                exit
 .text.memset   0x00002310        0xc C:/Freescale/CW MCU v11.0/MCU/ARM_GCC_Support/ewl/lib/armv6-m\libc.a(memset.o)
                0x00002310                memset
 .text.__fill_mem
                0x0000231c       0x7e C:/Freescale/CW MCU v11.0/MCU/ARM_GCC_Support/ewl/lib/armv6-m\libc.a(__filll_mem.o)
                0x0000231c                __fill_mem
 *fill*         0x0000239a        0x2 00
 .text.long2str.isra.0
                0x0000239c      0x19c C:/Freescale/CW MCU v11.0/MCU/ARM_GCC_Support/ewl/lib/armv6-m\libc.a(printformat_.o)
 .text.__pformatter_
                0x00002538      0x428 C:/Freescale/CW MCU v11.0/MCU/ARM_GCC_Support/ewl/lib/armv6-m\libc.a(printformat_.o)
                0x00002538                __pformatter_
 .text.__sformatter
                0x00002960      0x698 C:/Freescale/CW MCU v11.0/MCU/ARM_GCC_Support/ewl/lib/armv6-m\libc.a(scanformat_.o)
                0x00002960                __sformatter
 .text.isalpha  0x00002ff8       0x20 C:/Freescale/CW MCU v11.0/MCU/ARM_GCC_Support/ewl/lib/armv6-m\libc.a(ctype_aeabi.o)
                0x00002ff8                isalpha
 .text.isspace  0x00003018       0x20 C:/Freescale/CW MCU v11.0/MCU/ARM_GCC_Support/ewl/lib/armv6-m\libc.a(ctype_aeabi.o)
                0x00003018                isspace
 .text.toupper  0x00003038        0xe C:/Freescale/CW MCU v11.0/MCU/ARM_GCC_Support/ewl/lib/armv6-m\libc.a(ctype_aeabi.o)
                0x00003038                toupper
 .text.__strtoul
                0x00003046      0x1ce C:/Freescale/CW MCU v11.0/MCU/ARM_GCC_Support/ewl/lib/armv6-m\libc.a(__strtoul.o)
                0x00003046                __strtoul
 .text.strchr   0x00003214       0x1e C:/Freescale/CW MCU v11.0/MCU/ARM_GCC_Support/ewl/lib/armv6-m\libc.a(strchr.o)
                0x00003214                strchr
 .text.memcpy   0x00003232       0x12 C:/Freescale/CW MCU v11.0/MCU/ARM_GCC_Support/ewl/lib/armv6-m\libc.a(memcpy.o)
                0x00003232                memcpy
 .text.strlen   0x00003244       0x10 C:/Freescale/CW MCU v11.0/MCU/ARM_GCC_Support/ewl/lib/armv6-m\libc.a(strlen.o)
                0x00003244                strlen
 .text.memchr   0x00003254       0x1a C:/Freescale/CW MCU v11.0/MCU/ARM_GCC_Support/ewl/lib/armv6-m\libc.a(memchr.o)
                0x00003254                memchr
 *fill*         0x0000326e        0x2 00
 .text.__init_cpp
                0x00003270       0x48 C:/Freescale/CW MCU v11.0/MCU/ARM_GCC_Support/ewl/lib/armv6-m\librt.a(gcc_ctor_dtor.o)
                0x00003270                __init_cpp
 .text.__fini_cpp
                0x000032b8       0x34 C:/Freescale/CW MCU v11.0/MCU/ARM_GCC_Support/ewl/lib/armv6-m\librt.a(gcc_ctor_dtor.o)
                0x000032b8                __fini_cpp
 .text.__destroy_global_chain
                0x000032ec       0x1c C:/Freescale/CW MCU v11.0/MCU/ARM_GCC_Support/ewl/lib/armv6-m\librt.a(__arm_eabi_init.o)
                0x000032ec                __destroy_global_chain
 .text.__init_registers
                0x00003308       0x1c C:/Freescale/CW MCU v11.0/MCU/ARM_GCC_Support/ewl/lib/armv6-m\librt.a(__arm_eabi_init.o)
                0x00003308                __init_registers
 .text.__init_user
                0x00003324        0x4 C:/Freescale/CW MCU v11.0/MCU/ARM_GCC_Support/ewl/lib/armv6-m\librt.a(__arm_eabi_init.o)
                0x00003324                __init_user
 .text.__copy_rom_section
                0x00003328       0x48 C:/Freescale/CW MCU v11.0/MCU/ARM_GCC_Support/ewl/lib/armv6-m\librt.a(ROMCopy.o)
                0x00003328                __copy_rom_section
 .text.__copy_rom_sections_to_ram
                0x00003370       0x34 C:/Freescale/CW MCU v11.0/MCU/ARM_GCC_Support/ewl/lib/armv6-m\librt.a(ROMCopy.o)
                0x00003370                __copy_rom_sections_to_ram
 *(.rodata)
 .rodata        0x000033a4        0xc ./Sources/1_App/main.o
 *(.rodata*)
 .rodata.efCreateButton
                0x000033b0       0x14 ./Sources/2_HIL/Buttons_driver.o
 .rodata.efInit_GPIO
                0x000033c4       0x14 ./Sources/3_HAL/GPIO_driver.o
 .rodata.vfSetPin_GPIO
                0x000033d8       0x14 ./Sources/3_HAL/GPIO_driver.o
 .rodata.vfClearPin_GPIO
                0x000033ec       0x14 ./Sources/3_HAL/GPIO_driver.o
 .rodata.efReadPin_GPIO
                0x00003400       0x14 ./Sources/3_HAL/GPIO_driver.o
 .rodata.str1.1
                0x00003414        0x1 C:/Freescale/CW MCU v11.0/MCU/ARM_GCC_Support/ewl/lib/armv6-m\libc.a(printformat_.o)
 .rodata.CSWTCH.20
                0x00003415        0x5 C:/Freescale/CW MCU v11.0/MCU/ARM_GCC_Support/ewl/lib/armv6-m\libc.a(printformat_.o)
 .rodata.CSWTCH.21
                0x0000341a        0x5 C:/Freescale/CW MCU v11.0/MCU/ARM_GCC_Support/ewl/lib/armv6-m\libc.a(printformat_.o)
 .rodata.__aeabi_ctype_table_C
                0x0000341f      0x101 C:/Freescale/CW MCU v11.0/MCU/ARM_GCC_Support/ewl/lib/armv6-m\libc.a(ctype_aeabi.o)
                0x0000341f                __aeabi_ctype_table_C
 *(.glue_7)
 .glue_7        0x00000000        0x0 linker stubs
 *(.glue_7t)
 .glue_7t       0x00000000        0x0 linker stubs
 *(.eh_frame)
 *(.init)
 *(.fini)
                0x00003520                . = ALIGN (0x4)
                0x00003520                _etext = .

.vfp11_veneer   0x00003520        0x0
 .vfp11_veneer  0x00000000        0x0 linker stubs

.v4_bx          0x00003520        0x0
 .v4_bx         0x00000000        0x0 linker stubs

.iplt           0x00003520        0x0
 .iplt          0x00000000        0x0 ./Project_Settings/Startup_Code/kinetis_sysinit.o

.rel.dyn        0x00003520        0x0
 .rel.iplt      0x00000000        0x0 ./Project_Settings/Startup_Code/kinetis_sysinit.o

.ARM.extab
 *(.ARM.extab* .gnu.linkonce.armextab.*)

.ARM            0x00003520        0x0
                0x00003520                __exidx_start = .
 *(.ARM.exidx*)
                0x00003520                __exidx_end = .

.ctors          0x00003520        0x0
                0x00003520                __CTOR_LIST__ = .
 *crtbegin.o(.ctors)
 *(EXCLUDE_FILE(*crtend.o) .ctors)
 *(SORT(.ctors.*))
 *(.ctors)
                0x00003520                __CTOR_END__ = .

.dtors          0x00003520        0x0
                0x00003520                __DTOR_LIST__ = .
 *crtbegin.o(.dtors)
 *(EXCLUDE_FILE(*crtend.o) .dtors)
 *(SORT(.dtors.*))
 *(.dtors)
                0x00003520                __DTOR_END__ = .

.preinit_array  0x00003520        0x0
                0x00003520                PROVIDE (__preinit_array_start, .)
 *(.preinit_array*)
                0x00003520                PROVIDE (__preinit_array_end, .)

.init_array     0x00003520        0x0
                0x00003520                PROVIDE (__init_array_start, .)
 *(SORT(.init_array.*))
 *(.init_array*)
                0x00003520                PROVIDE (__init_array_end, .)

.fini_array     0x00003520        0x0
                0x00003520                PROVIDE (__fini_array_start, .)
 *(SORT(.fini_array.*))
 *(.fini_array*)
                0x00003520                PROVIDE (__fini_array_end, .)
                0x00003520                ___ROM_AT = .

.mtb            0x1ffff000        0x0
                0x1ffff000                . = ALIGN (0x8)
                0x1ffff000                _mtb_start = .
 *(.mtb_buf)
                0x1ffff000                . = ALIGN (0x8)
                0x1ffff000                _mtb_end = .

.data           0x1ffff000       0x18 load address 0x00003520
                0x1ffff000                . = ALIGN (0x4)
                0x1ffff000                _sdata = .
 *(.data)
 *(.data*)
 .data.ePortRed_LED
                0x1ffff000        0x1 ./Sources/2_HIL/Leds_driver.o
                0x1ffff000                ePortRed_LED
 .data.ePinRed_LED
                0x1ffff001        0x1 ./Sources/2_HIL/Leds_driver.o
                0x1ffff001                ePinRed_LED
 .data.ePortGreen_LED
                0x1ffff002        0x1 ./Sources/2_HIL/Leds_driver.o
                0x1ffff002                ePortGreen_LED
 .data.ePinGreen_LED
                0x1ffff003        0x1 ./Sources/2_HIL/Leds_driver.o
                0x1ffff003                ePinGreen_LED
 .data.ePortBlue_LED
                0x1ffff004        0x1 ./Sources/2_HIL/Leds_driver.o
                0x1ffff004                ePortBlue_LED
 .data.ePinBlue_LED
                0x1ffff005        0x1 ./Sources/2_HIL/Leds_driver.o
                0x1ffff005                ePinBlue_LED
 *fill*         0x1ffff006        0x2 00
 .data.eDataPorts
                0x1ffff008        0x4 ./Sources/2_HIL/LCD_driver.o
                0x1ffff008                eDataPorts
 .data.eDataPins
                0x1ffff00c        0x4 ./Sources/2_HIL/LCD_driver.o
                0x1ffff00c                eDataPins
 .data.eControlPorts
                0x1ffff010        0x4 ./Sources/2_HIL/LCD_driver.o
                0x1ffff010                eControlPorts
 .data.eControlPins
                0x1ffff014        0x4 ./Sources/2_HIL/LCD_driver.o
                0x1ffff014                eControlPins
                0x1ffff018                . = ALIGN (0x4)
                0x1ffff018                _edata = .
                0x00000018                ___data_size = (_edata - _sdata)

.igot.plt       0x1ffff018        0x0 load address 0x00003538
 .igot.plt      0x00000000        0x0 ./Project_Settings/Startup_Code/kinetis_sysinit.o
                0x1ffff018                . = ALIGN (0x4)

.bss            0x1ffff018       0x20 load address 0x00003538
                0x1ffff018                __START_BSS = .
                0x1ffff018                PROVIDE (__bss_start__, __START_BSS)
 *(.bss)
 *(.bss*)
 .bss.argv      0x1ffff018        0x4 ./Project_Settings/Startup_Code/__arm_start.o
 .bss.u8CounterID
                0x1ffff01c        0x1 ./Sources/2_HIL/Buttons_driver.o
 *fill*         0x1ffff01d        0x3 00
 .bss.__stdio_exit
                0x1ffff020        0x4 C:/Freescale/CW MCU v11.0/MCU/ARM_GCC_Support/ewl/lib/armv6-m\libc.a(exit.o)
                0x1ffff020                __stdio_exit
 .bss.__console_exit
                0x1ffff024        0x4 C:/Freescale/CW MCU v11.0/MCU/ARM_GCC_Support/ewl/lib/armv6-m\libc.a(exit.o)
                0x1ffff024                __console_exit
 .bss.__global_destructor_chain
                0x1ffff028        0x4 C:/Freescale/CW MCU v11.0/MCU/ARM_GCC_Support/ewl/lib/armv6-m\librt.a(__arm_eabi_init.o)
                0x1ffff028                __global_destructor_chain
 .bss.__S_romp  0x1ffff02c        0xc C:/Freescale/CW MCU v11.0/MCU/ARM_GCC_Support/ewl/lib/armv6-m\librt.a(ROMCopy.o)
 *(COMMON)
                0x1ffff038                . = ALIGN (0x4)
                0x1ffff038                __END_BSS = .
                0x1ffff038                PROVIDE (__bss_end__, __END_BSS)
                0x00003538                _romp_at = (___ROM_AT + SIZEOF (.data))

.romp           0x1ffff038       0x18 load address 0x00003538
                0x00003538                __S_romp = _romp_at
                0x1ffff038        0x4 LONG 0x3520 ___ROM_AT
                0x1ffff03c        0x4 LONG 0x1ffff000 _sdata
                0x1ffff040        0x4 LONG 0x18 ___data_size
                0x1ffff044        0x4 LONG 0x0
                0x1ffff048        0x4 LONG 0x0
                0x1ffff04c        0x4 LONG 0x0

._user_heap_stack
                0x1ffff050      0x800 load address 0x00003550
                0x1ffff050                . = ALIGN (0x4)
                0x1ffff050                PROVIDE (end, .)
                0x1ffff050                PROVIDE (_end, .)
                0x1ffff050                __heap_addr = .
                0x1ffff450                . = (. + __heap_size)
 *fill*         0x1ffff050      0x400 00
                0x1ffff850                . = (. + __stack_size)
 *fill*         0x1ffff450      0x400 00
                0x1ffff850                . = ALIGN (0x4)

.ARM.attributes
                0x00000000       0x31
 *(.ARM.attributes)
 .ARM.attributes
                0x00000000       0x31 ./Project_Settings/Startup_Code/kinetis_sysinit.o
 .ARM.attributes
                0x00000031       0x31 ./Project_Settings/Startup_Code/__arm_start.o
 .ARM.attributes
                0x00000062       0x31 ./Project_Settings/Startup_Code/__arm_end.o
 .ARM.attributes
                0x00000093       0x31 ./Sources/1_App/main.o
 .ARM.attributes
                0x000000c4       0x31 ./Sources/2_HIL/Leds_driver.o
 .ARM.attributes
                0x000000f5       0x31 ./Sources/2_HIL/LCD_driver.o
 .ARM.attributes
                0x00000126       0x31 ./Sources/2_HIL/Buttons_driver.o
 .ARM.attributes
                0x00000157       0x31 ./Sources/3_HAL/GPIO_driver.o
 .ARM.attributes
                0x00000188       0x31 ./Sources/3_HAL/ADC_driver.o
 .ARM.attributes
                0x000001b9       0x31 C:/Freescale/CW MCU v11.0/MCU/ARM_GCC_Support/ewl/lib/armv6-m\libc.a(exit.o)
 .ARM.attributes
                0x000001ea       0x31 C:/Freescale/CW MCU v11.0/MCU/ARM_GCC_Support/ewl/lib/armv6-m\libc.a(memset.o)
 .ARM.attributes
                0x0000021b       0x31 C:/Freescale/CW MCU v11.0/MCU/ARM_GCC_Support/ewl/lib/armv6-m\libc.a(__filll_mem.o)
 .ARM.attributes
                0x0000024c       0x31 C:/Freescale/CW MCU v11.0/MCU/ARM_GCC_Support/ewl/lib/armv6-m\libc.a(printformat_.o)
 .ARM.attributes
                0x0000027d       0x31 C:/Freescale/CW MCU v11.0/MCU/ARM_GCC_Support/ewl/lib/armv6-m\libc.a(scanformat_.o)
 .ARM.attributes
                0x000002ae       0x31 C:/Freescale/CW MCU v11.0/MCU/ARM_GCC_Support/ewl/lib/armv6-m\libc.a(ctype_aeabi.o)
 .ARM.attributes
                0x000002df       0x31 C:/Freescale/CW MCU v11.0/MCU/ARM_GCC_Support/ewl/lib/armv6-m\libc.a(__strtoul.o)
 .ARM.attributes
                0x00000310       0x31 C:/Freescale/CW MCU v11.0/MCU/ARM_GCC_Support/ewl/lib/armv6-m\libc.a(strchr.o)
 .ARM.attributes
                0x00000341       0x31 C:/Freescale/CW MCU v11.0/MCU/ARM_GCC_Support/ewl/lib/armv6-m\libc.a(memcpy.o)
 .ARM.attributes
                0x00000372       0x31 C:/Freescale/CW MCU v11.0/MCU/ARM_GCC_Support/ewl/lib/armv6-m\libc.a(strlen.o)
 .ARM.attributes
                0x000003a3       0x31 C:/Freescale/CW MCU v11.0/MCU/ARM_GCC_Support/ewl/lib/armv6-m\libc.a(memchr.o)
 .ARM.attributes
                0x000003d4       0x1e c:/freescale/cw mcu v11.0/cross_tools/arm-none-eabi-gcc-4_7_3/bin/../lib/gcc/arm-none-eabi/4.7.3/armv6-m\libgcc.a(_thumb1_case_sqi.o)
 .ARM.attributes
                0x000003f2       0x1e c:/freescale/cw mcu v11.0/cross_tools/arm-none-eabi-gcc-4_7_3/bin/../lib/gcc/arm-none-eabi/4.7.3/armv6-m\libgcc.a(_thumb1_case_uqi.o)
 .ARM.attributes
                0x00000410       0x1e c:/freescale/cw mcu v11.0/cross_tools/arm-none-eabi-gcc-4_7_3/bin/../lib/gcc/arm-none-eabi/4.7.3/armv6-m\libgcc.a(_udivsi3.o)
 .ARM.attributes
                0x0000042e       0x1e c:/freescale/cw mcu v11.0/cross_tools/arm-none-eabi-gcc-4_7_3/bin/../lib/gcc/arm-none-eabi/4.7.3/armv6-m\libgcc.a(_dvmd_tls.o)
 .ARM.attributes
                0x0000044c       0x31 C:/Freescale/CW MCU v11.0/MCU/ARM_GCC_Support/ewl/lib/armv6-m\librt.a(gcc_ctor_dtor.o)
 .ARM.attributes
                0x0000047d       0x31 C:/Freescale/CW MCU v11.0/MCU/ARM_GCC_Support/ewl/lib/armv6-m\librt.a(__arm_eabi_init.o)
 .ARM.attributes
                0x000004ae       0x31 C:/Freescale/CW MCU v11.0/MCU/ARM_GCC_Support/ewl/lib/armv6-m\librt.a(ROMCopy.o)
OUTPUT(CalculatorKL25Z.elf elf32-littlearm)

.debug_info     0x00000000     0x40b6
 .debug_info    0x00000000      0x447 ./Project_Settings/Startup_Code/kinetis_sysinit.o
 .debug_info    0x00000447      0x12a ./Project_Settings/Startup_Code/__arm_start.o
 .debug_info    0x00000571       0x54 ./Project_Settings/Startup_Code/__arm_end.o
 .debug_info    0x000005c5      0x4b6 ./Sources/1_App/main.o
 .debug_info    0x00000a7b      0x333 ./Sources/2_HIL/Leds_driver.o
 .debug_info    0x00000dae      0x59f ./Sources/2_HIL/LCD_driver.o
 .debug_info    0x0000134d      0x359 ./Sources/2_HIL/Buttons_driver.o
 .debug_info    0x000016a6      0x694 ./Sources/3_HAL/GPIO_driver.o
 .debug_info    0x00001d3a      0x764 ./Sources/3_HAL/ADC_driver.o
 .debug_info    0x0000249e       0xe8 C:/Freescale/CW MCU v11.0/MCU/ARM_GCC_Support/ewl/lib/armv6-m\libc.a(exit.o)
 .debug_info    0x00002586       0xec C:/Freescale/CW MCU v11.0/MCU/ARM_GCC_Support/ewl/lib/armv6-m\libc.a(memset.o)
 .debug_info    0x00002672      0x137 C:/Freescale/CW MCU v11.0/MCU/ARM_GCC_Support/ewl/lib/armv6-m\libc.a(__filll_mem.o)
 .debug_info    0x000027a9      0x50d C:/Freescale/CW MCU v11.0/MCU/ARM_GCC_Support/ewl/lib/armv6-m\libc.a(printformat_.o)
 .debug_info    0x00002cb6      0x568 C:/Freescale/CW MCU v11.0/MCU/ARM_GCC_Support/ewl/lib/armv6-m\libc.a(scanformat_.o)
 .debug_info    0x0000321e      0x313 C:/Freescale/CW MCU v11.0/MCU/ARM_GCC_Support/ewl/lib/armv6-m\libc.a(ctype_aeabi.o)
 .debug_info    0x00003531      0x1d6 C:/Freescale/CW MCU v11.0/MCU/ARM_GCC_Support/ewl/lib/armv6-m\libc.a(__strtoul.o)
 .debug_info    0x00003707      0x10b C:/Freescale/CW MCU v11.0/MCU/ARM_GCC_Support/ewl/lib/armv6-m\libc.a(strchr.o)
 .debug_info    0x00003812      0x10f C:/Freescale/CW MCU v11.0/MCU/ARM_GCC_Support/ewl/lib/armv6-m\libc.a(memcpy.o)
 .debug_info    0x00003921       0xea C:/Freescale/CW MCU v11.0/MCU/ARM_GCC_Support/ewl/lib/armv6-m\libc.a(strlen.o)
 .debug_info    0x00003a0b      0x121 C:/Freescale/CW MCU v11.0/MCU/ARM_GCC_Support/ewl/lib/armv6-m\libc.a(memchr.o)
 .debug_info    0x00003b2c      0x136 C:/Freescale/CW MCU v11.0/MCU/ARM_GCC_Support/ewl/lib/armv6-m\librt.a(gcc_ctor_dtor.o)
 .debug_info    0x00003c62      0x2b9 C:/Freescale/CW MCU v11.0/MCU/ARM_GCC_Support/ewl/lib/armv6-m\librt.a(__arm_eabi_init.o)
 .debug_info    0x00003f1b      0x19b C:/Freescale/CW MCU v11.0/MCU/ARM_GCC_Support/ewl/lib/armv6-m\librt.a(ROMCopy.o)

.debug_abbrev   0x00000000     0x13e3
 .debug_abbrev  0x00000000       0xe7 ./Project_Settings/Startup_Code/kinetis_sysinit.o
 .debug_abbrev  0x000000e7       0x92 ./Project_Settings/Startup_Code/__arm_start.o
 .debug_abbrev  0x00000179       0x4c ./Project_Settings/Startup_Code/__arm_end.o
 .debug_abbrev  0x000001c5       0xb3 ./Sources/1_App/main.o
 .debug_abbrev  0x00000278       0xaa ./Sources/2_HIL/Leds_driver.o
 .debug_abbrev  0x00000322      0x124 ./Sources/2_HIL/LCD_driver.o
 .debug_abbrev  0x00000446       0xbe ./Sources/2_HIL/Buttons_driver.o
 .debug_abbrev  0x00000504      0x148 ./Sources/3_HAL/GPIO_driver.o
 .debug_abbrev  0x0000064c      0x169 ./Sources/3_HAL/ADC_driver.o
 .debug_abbrev  0x000007b5       0x7a C:/Freescale/CW MCU v11.0/MCU/ARM_GCC_Support/ewl/lib/armv6-m\libc.a(exit.o)
 .debug_abbrev  0x0000082f       0x62 C:/Freescale/CW MCU v11.0/MCU/ARM_GCC_Support/ewl/lib/armv6-m\libc.a(memset.o)
 .debug_abbrev  0x00000891       0x78 C:/Freescale/CW MCU v11.0/MCU/ARM_GCC_Support/ewl/lib/armv6-m\libc.a(__filll_mem.o)
 .debug_abbrev  0x00000909      0x200 C:/Freescale/CW MCU v11.0/MCU/ARM_GCC_Support/ewl/lib/armv6-m\libc.a(printformat_.o)
 .debug_abbrev  0x00000b09      0x1f0 C:/Freescale/CW MCU v11.0/MCU/ARM_GCC_Support/ewl/lib/armv6-m\libc.a(scanformat_.o)
 .debug_abbrev  0x00000cf9       0x9e C:/Freescale/CW MCU v11.0/MCU/ARM_GCC_Support/ewl/lib/armv6-m\libc.a(ctype_aeabi.o)
 .debug_abbrev  0x00000d97       0xc2 C:/Freescale/CW MCU v11.0/MCU/ARM_GCC_Support/ewl/lib/armv6-m\libc.a(__strtoul.o)
 .debug_abbrev  0x00000e59       0x7a C:/Freescale/CW MCU v11.0/MCU/ARM_GCC_Support/ewl/lib/armv6-m\libc.a(strchr.o)
 .debug_abbrev  0x00000ed3       0x95 C:/Freescale/CW MCU v11.0/MCU/ARM_GCC_Support/ewl/lib/armv6-m\libc.a(memcpy.o)
 .debug_abbrev  0x00000f68       0x7a C:/Freescale/CW MCU v11.0/MCU/ARM_GCC_Support/ewl/lib/armv6-m\libc.a(strlen.o)
 .debug_abbrev  0x00000fe2       0x95 C:/Freescale/CW MCU v11.0/MCU/ARM_GCC_Support/ewl/lib/armv6-m\libc.a(memchr.o)
 .debug_abbrev  0x00001077       0x99 C:/Freescale/CW MCU v11.0/MCU/ARM_GCC_Support/ewl/lib/armv6-m\librt.a(gcc_ctor_dtor.o)
 .debug_abbrev  0x00001110      0x1b3 C:/Freescale/CW MCU v11.0/MCU/ARM_GCC_Support/ewl/lib/armv6-m\librt.a(__arm_eabi_init.o)
 .debug_abbrev  0x000012c3      0x120 C:/Freescale/CW MCU v11.0/MCU/ARM_GCC_Support/ewl/lib/armv6-m\librt.a(ROMCopy.o)

.debug_loc      0x00000000     0x2faf
 .debug_loc     0x00000000       0x58 ./Project_Settings/Startup_Code/kinetis_sysinit.o
 .debug_loc     0x00000058       0x2c ./Project_Settings/Startup_Code/__arm_start.o
 .debug_loc     0x00000084       0x38 ./Project_Settings/Startup_Code/__arm_end.o
 .debug_loc     0x000000bc       0x70 ./Sources/1_App/main.o
 .debug_loc     0x0000012c      0x118 ./Sources/2_HIL/Leds_driver.o
 .debug_loc     0x00000244      0x2d4 ./Sources/2_HIL/LCD_driver.o
 .debug_loc     0x00000518       0xe0 ./Sources/2_HIL/Buttons_driver.o
 .debug_loc     0x000005f8      0x188 ./Sources/3_HAL/GPIO_driver.o
 .debug_loc     0x00000780      0x144 ./Sources/3_HAL/ADC_driver.o
 .debug_loc     0x000008c4       0x3e C:/Freescale/CW MCU v11.0/MCU/ARM_GCC_Support/ewl/lib/armv6-m\libc.a(exit.o)
 .debug_loc     0x00000902       0x6f C:/Freescale/CW MCU v11.0/MCU/ARM_GCC_Support/ewl/lib/armv6-m\libc.a(memset.o)
 .debug_loc     0x00000971      0x14a C:/Freescale/CW MCU v11.0/MCU/ARM_GCC_Support/ewl/lib/armv6-m\libc.a(__filll_mem.o)
 .debug_loc     0x00000abb     0x104b C:/Freescale/CW MCU v11.0/MCU/ARM_GCC_Support/ewl/lib/armv6-m\libc.a(printformat_.o)
 .debug_loc     0x00001b06      0x9d8 C:/Freescale/CW MCU v11.0/MCU/ARM_GCC_Support/ewl/lib/armv6-m\libc.a(scanformat_.o)
 .debug_loc     0x000024de      0x30d C:/Freescale/CW MCU v11.0/MCU/ARM_GCC_Support/ewl/lib/armv6-m\libc.a(ctype_aeabi.o)
 .debug_loc     0x000027eb      0x305 C:/Freescale/CW MCU v11.0/MCU/ARM_GCC_Support/ewl/lib/armv6-m\libc.a(__strtoul.o)
 .debug_loc     0x00002af0       0xaf C:/Freescale/CW MCU v11.0/MCU/ARM_GCC_Support/ewl/lib/armv6-m\libc.a(strchr.o)
 .debug_loc     0x00002b9f       0x59 C:/Freescale/CW MCU v11.0/MCU/ARM_GCC_Support/ewl/lib/armv6-m\libc.a(memcpy.o)
 .debug_loc     0x00002bf8       0x33 C:/Freescale/CW MCU v11.0/MCU/ARM_GCC_Support/ewl/lib/armv6-m\libc.a(strlen.o)
 .debug_loc     0x00002c2b       0x77 C:/Freescale/CW MCU v11.0/MCU/ARM_GCC_Support/ewl/lib/armv6-m\libc.a(memchr.o)
 .debug_loc     0x00002ca2       0x9d C:/Freescale/CW MCU v11.0/MCU/ARM_GCC_Support/ewl/lib/armv6-m\librt.a(gcc_ctor_dtor.o)
 .debug_loc     0x00002d3f      0x197 C:/Freescale/CW MCU v11.0/MCU/ARM_GCC_Support/ewl/lib/armv6-m\librt.a(__arm_eabi_init.o)
 .debug_loc     0x00002ed6       0xd9 C:/Freescale/CW MCU v11.0/MCU/ARM_GCC_Support/ewl/lib/armv6-m\librt.a(ROMCopy.o)

.debug_aranges  0x00000000      0x4b8
 .debug_aranges
                0x00000000       0x28 ./Project_Settings/Startup_Code/kinetis_sysinit.o
 .debug_aranges
                0x00000028       0x30 ./Project_Settings/Startup_Code/__arm_start.o
 .debug_aranges
                0x00000058       0x20 ./Project_Settings/Startup_Code/__arm_end.o
 .debug_aranges
                0x00000078       0x28 ./Sources/1_App/main.o
 .debug_aranges
                0x000000a0       0x40 ./Sources/2_HIL/Leds_driver.o
 .debug_aranges
                0x000000e0       0x88 ./Sources/2_HIL/LCD_driver.o
 .debug_aranges
                0x00000168       0x38 ./Sources/2_HIL/Buttons_driver.o
 .debug_aranges
                0x000001a0       0x50 ./Sources/3_HAL/GPIO_driver.o
 .debug_aranges
                0x000001f0       0x48 ./Sources/3_HAL/ADC_driver.o
 .debug_aranges
                0x00000238       0x20 C:/Freescale/CW MCU v11.0/MCU/ARM_GCC_Support/ewl/lib/armv6-m\libc.a(exit.o)
 .debug_aranges
                0x00000258       0x20 C:/Freescale/CW MCU v11.0/MCU/ARM_GCC_Support/ewl/lib/armv6-m\libc.a(memset.o)
 .debug_aranges
                0x00000278       0x20 C:/Freescale/CW MCU v11.0/MCU/ARM_GCC_Support/ewl/lib/armv6-m\libc.a(__filll_mem.o)
 .debug_aranges
                0x00000298       0x28 C:/Freescale/CW MCU v11.0/MCU/ARM_GCC_Support/ewl/lib/armv6-m\libc.a(printformat_.o)
 .debug_aranges
                0x000002c0       0x20 C:/Freescale/CW MCU v11.0/MCU/ARM_GCC_Support/ewl/lib/armv6-m\libc.a(scanformat_.o)
 .debug_aranges
                0x000002e0       0x88 C:/Freescale/CW MCU v11.0/MCU/ARM_GCC_Support/ewl/lib/armv6-m\libc.a(ctype_aeabi.o)
 .debug_aranges
                0x00000368       0x20 C:/Freescale/CW MCU v11.0/MCU/ARM_GCC_Support/ewl/lib/armv6-m\libc.a(__strtoul.o)
 .debug_aranges
                0x00000388       0x20 C:/Freescale/CW MCU v11.0/MCU/ARM_GCC_Support/ewl/lib/armv6-m\libc.a(strchr.o)
 .debug_aranges
                0x000003a8       0x20 C:/Freescale/CW MCU v11.0/MCU/ARM_GCC_Support/ewl/lib/armv6-m\libc.a(memcpy.o)
 .debug_aranges
                0x000003c8       0x20 C:/Freescale/CW MCU v11.0/MCU/ARM_GCC_Support/ewl/lib/armv6-m\libc.a(strlen.o)
 .debug_aranges
                0x000003e8       0x20 C:/Freescale/CW MCU v11.0/MCU/ARM_GCC_Support/ewl/lib/armv6-m\libc.a(memchr.o)
 .debug_aranges
                0x00000408       0x28 C:/Freescale/CW MCU v11.0/MCU/ARM_GCC_Support/ewl/lib/armv6-m\librt.a(gcc_ctor_dtor.o)
 .debug_aranges
                0x00000430       0x58 C:/Freescale/CW MCU v11.0/MCU/ARM_GCC_Support/ewl/lib/armv6-m\librt.a(__arm_eabi_init.o)
 .debug_aranges
                0x00000488       0x30 C:/Freescale/CW MCU v11.0/MCU/ARM_GCC_Support/ewl/lib/armv6-m\librt.a(ROMCopy.o)

.debug_macinfo  0x00000000   0x1138fa
 .debug_macinfo
                0x00000000    0x264f0 ./Project_Settings/Startup_Code/kinetis_sysinit.o
 .debug_macinfo
                0x000264f0     0x3e6d ./Project_Settings/Startup_Code/__arm_start.o
 .debug_macinfo
                0x0002a35d     0x3456 ./Project_Settings/Startup_Code/__arm_end.o
 .debug_macinfo
                0x0002d7b3    0x265d4 ./Sources/1_App/main.o
 .debug_macinfo
                0x00053d87    0x26501 ./Sources/2_HIL/Leds_driver.o
 .debug_macinfo
                0x0007a288    0x26700 ./Sources/2_HIL/LCD_driver.o
 .debug_macinfo
                0x000a0988    0x265b4 ./Sources/2_HIL/Buttons_driver.o
 .debug_macinfo
                0x000c6f3c    0x264e3 ./Sources/3_HAL/GPIO_driver.o
 .debug_macinfo
                0x000ed41f    0x264db ./Sources/3_HAL/ADC_driver.o

.debug_line     0x00000000     0x284b
 .debug_line    0x00000000      0x216 ./Project_Settings/Startup_Code/kinetis_sysinit.o
 .debug_line    0x00000216      0x299 ./Project_Settings/Startup_Code/__arm_start.o
 .debug_line    0x000004af      0x265 ./Project_Settings/Startup_Code/__arm_end.o
 .debug_line    0x00000714      0x2d4 ./Sources/1_App/main.o
 .debug_line    0x000009e8      0x2b5 ./Sources/2_HIL/Leds_driver.o
 .debug_line    0x00000c9d      0x389 ./Sources/2_HIL/LCD_driver.o
 .debug_line    0x00001026      0x308 ./Sources/2_HIL/Buttons_driver.o
 .debug_line    0x0000132e      0x36b ./Sources/3_HAL/GPIO_driver.o
 .debug_line    0x00001699      0x2d6 ./Sources/3_HAL/ADC_driver.o
 .debug_line    0x0000196f       0x8d C:/Freescale/CW MCU v11.0/MCU/ARM_GCC_Support/ewl/lib/armv6-m\libc.a(exit.o)
 .debug_line    0x000019fc       0x90 C:/Freescale/CW MCU v11.0/MCU/ARM_GCC_Support/ewl/lib/armv6-m\libc.a(memset.o)
 .debug_line    0x00001a8c       0xf6 C:/Freescale/CW MCU v11.0/MCU/ARM_GCC_Support/ewl/lib/armv6-m\libc.a(__filll_mem.o)
 .debug_line    0x00001b82      0x2c3 C:/Freescale/CW MCU v11.0/MCU/ARM_GCC_Support/ewl/lib/armv6-m\libc.a(printformat_.o)
 .debug_line    0x00001e45      0x2be C:/Freescale/CW MCU v11.0/MCU/ARM_GCC_Support/ewl/lib/armv6-m\libc.a(scanformat_.o)
 .debug_line    0x00002103      0x1be C:/Freescale/CW MCU v11.0/MCU/ARM_GCC_Support/ewl/lib/armv6-m\libc.a(ctype_aeabi.o)
 .debug_line    0x000022c1      0x11e C:/Freescale/CW MCU v11.0/MCU/ARM_GCC_Support/ewl/lib/armv6-m\libc.a(__strtoul.o)
 .debug_line    0x000023df       0x7d C:/Freescale/CW MCU v11.0/MCU/ARM_GCC_Support/ewl/lib/armv6-m\libc.a(strchr.o)
 .debug_line    0x0000245c       0x8b C:/Freescale/CW MCU v11.0/MCU/ARM_GCC_Support/ewl/lib/armv6-m\libc.a(memcpy.o)
 .debug_line    0x000024e7       0x85 C:/Freescale/CW MCU v11.0/MCU/ARM_GCC_Support/ewl/lib/armv6-m\libc.a(strlen.o)
 .debug_line    0x0000256c       0x9f C:/Freescale/CW MCU v11.0/MCU/ARM_GCC_Support/ewl/lib/armv6-m\libc.a(memchr.o)
 .debug_line    0x0000260b       0x6c C:/Freescale/CW MCU v11.0/MCU/ARM_GCC_Support/ewl/lib/armv6-m\librt.a(gcc_ctor_dtor.o)
 .debug_line    0x00002677      0x117 C:/Freescale/CW MCU v11.0/MCU/ARM_GCC_Support/ewl/lib/armv6-m\librt.a(__arm_eabi_init.o)
 .debug_line    0x0000278e       0xbd C:/Freescale/CW MCU v11.0/MCU/ARM_GCC_Support/ewl/lib/armv6-m\librt.a(ROMCopy.o)

.debug_str      0x00000000     0x16b8
 .debug_str     0x00000000      0x297 ./Project_Settings/Startup_Code/kinetis_sysinit.o
                                0x2be (size before relaxing)
 .debug_str     0x00000297       0x85 ./Project_Settings/Startup_Code/__arm_start.o
                                0x198 (size before relaxing)
 .debug_str     0x0000031c       0x41 ./Project_Settings/Startup_Code/__arm_end.o
                                 0xcf (size before relaxing)
 .debug_str     0x0000035d      0x55c ./Sources/1_App/main.o
                                0x66e (size before relaxing)
 .debug_str     0x000008b9      0x131 ./Sources/2_HIL/Leds_driver.o
                                0x404 (size before relaxing)
 .debug_str     0x000009ea      0x1b2 ./Sources/2_HIL/LCD_driver.o
                                0x63b (size before relaxing)
 .debug_str     0x00000b9c       0x99 ./Sources/2_HIL/Buttons_driver.o
                                0x43c (size before relaxing)
 .debug_str     0x00000c35      0x10c ./Sources/3_HAL/GPIO_driver.o
                                0x4fe (size before relaxing)
 .debug_str     0x00000d41       0xe9 ./Sources/3_HAL/ADC_driver.o
                                0x450 (size before relaxing)
 .debug_str     0x00000e2a       0x5a C:/Freescale/CW MCU v11.0/MCU/ARM_GCC_Support/ewl/lib/armv6-m\libc.a(exit.o)
                                0x157 (size before relaxing)
 .debug_str     0x00000e84       0x23 C:/Freescale/CW MCU v11.0/MCU/ARM_GCC_Support/ewl/lib/armv6-m\libc.a(memset.o)
                                0x140 (size before relaxing)
 .debug_str     0x00000ea7       0x2d C:/Freescale/CW MCU v11.0/MCU/ARM_GCC_Support/ewl/lib/armv6-m\libc.a(__filll_mem.o)
                                0x152 (size before relaxing)
 .debug_str     0x00000ed4      0x233 C:/Freescale/CW MCU v11.0/MCU/ARM_GCC_Support/ewl/lib/armv6-m\libc.a(printformat_.o)
                                0x3b3 (size before relaxing)
 .debug_str     0x00001107      0x184 C:/Freescale/CW MCU v11.0/MCU/ARM_GCC_Support/ewl/lib/armv6-m\libc.a(scanformat_.o)
                                0x3f9 (size before relaxing)
 .debug_str     0x0000128b       0x9d C:/Freescale/CW MCU v11.0/MCU/ARM_GCC_Support/ewl/lib/armv6-m\libc.a(ctype_aeabi.o)
                                0x1bc (size before relaxing)
 .debug_str     0x00001328       0x61 C:/Freescale/CW MCU v11.0/MCU/ARM_GCC_Support/ewl/lib/armv6-m\libc.a(__strtoul.o)
                                0x1fb (size before relaxing)
 .debug_str     0x00001389       0x1c C:/Freescale/CW MCU v11.0/MCU/ARM_GCC_Support/ewl/lib/armv6-m\libc.a(strchr.o)
                                0x137 (size before relaxing)
 .debug_str     0x000013a5       0x1c C:/Freescale/CW MCU v11.0/MCU/ARM_GCC_Support/ewl/lib/armv6-m\libc.a(memcpy.o)
                                0x138 (size before relaxing)
 .debug_str     0x000013c1       0x1c C:/Freescale/CW MCU v11.0/MCU/ARM_GCC_Support/ewl/lib/armv6-m\libc.a(strlen.o)
                                0x140 (size before relaxing)
 .debug_str     0x000013dd       0x1c C:/Freescale/CW MCU v11.0/MCU/ARM_GCC_Support/ewl/lib/armv6-m\libc.a(memchr.o)
                                0x148 (size before relaxing)
 .debug_str     0x000013f9      0x126 C:/Freescale/CW MCU v11.0/MCU/ARM_GCC_Support/ewl/lib/armv6-m\librt.a(gcc_ctor_dtor.o)
                                0x181 (size before relaxing)
 .debug_str     0x0000151f       0xf8 C:/Freescale/CW MCU v11.0/MCU/ARM_GCC_Support/ewl/lib/armv6-m\librt.a(__arm_eabi_init.o)
                                0x1b5 (size before relaxing)
 .debug_str     0x00001617       0xa1 C:/Freescale/CW MCU v11.0/MCU/ARM_GCC_Support/ewl/lib/armv6-m\librt.a(ROMCopy.o)
                                0x13c (size before relaxing)

.comment        0x00000000       0x79
 .comment       0x00000000       0x79 ./Project_Settings/Startup_Code/kinetis_sysinit.o
                                 0x7a (size before relaxing)
 .comment       0x00000000       0x7a ./Project_Settings/Startup_Code/__arm_start.o
 .comment       0x00000000       0x7a ./Project_Settings/Startup_Code/__arm_end.o
 .comment       0x00000000       0x7a ./Sources/1_App/main.o
 .comment       0x00000000       0x7a ./Sources/2_HIL/Leds_driver.o
 .comment       0x00000000       0x7a ./Sources/2_HIL/LCD_driver.o
 .comment       0x00000000       0x7a ./Sources/2_HIL/Buttons_driver.o
 .comment       0x00000000       0x7a ./Sources/3_HAL/GPIO_driver.o
 .comment       0x00000000       0x7a ./Sources/3_HAL/ADC_driver.o
 .comment       0x00000000       0x7a C:/Freescale/CW MCU v11.0/MCU/ARM_GCC_Support/ewl/lib/armv6-m\libc.a(exit.o)
 .comment       0x00000000       0x7a C:/Freescale/CW MCU v11.0/MCU/ARM_GCC_Support/ewl/lib/armv6-m\libc.a(memset.o)
 .comment       0x00000000       0x7a C:/Freescale/CW MCU v11.0/MCU/ARM_GCC_Support/ewl/lib/armv6-m\libc.a(__filll_mem.o)
 .comment       0x00000000       0x7a C:/Freescale/CW MCU v11.0/MCU/ARM_GCC_Support/ewl/lib/armv6-m\libc.a(printformat_.o)
 .comment       0x00000000       0x7a C:/Freescale/CW MCU v11.0/MCU/ARM_GCC_Support/ewl/lib/armv6-m\libc.a(scanformat_.o)
 .comment       0x00000000       0x7a C:/Freescale/CW MCU v11.0/MCU/ARM_GCC_Support/ewl/lib/armv6-m\libc.a(ctype_aeabi.o)
 .comment       0x00000000       0x7a C:/Freescale/CW MCU v11.0/MCU/ARM_GCC_Support/ewl/lib/armv6-m\libc.a(__strtoul.o)
 .comment       0x00000000       0x7a C:/Freescale/CW MCU v11.0/MCU/ARM_GCC_Support/ewl/lib/armv6-m\libc.a(strchr.o)
 .comment       0x00000000       0x7a C:/Freescale/CW MCU v11.0/MCU/ARM_GCC_Support/ewl/lib/armv6-m\libc.a(memcpy.o)
 .comment       0x00000000       0x7a C:/Freescale/CW MCU v11.0/MCU/ARM_GCC_Support/ewl/lib/armv6-m\libc.a(strlen.o)
 .comment       0x00000000       0x7a C:/Freescale/CW MCU v11.0/MCU/ARM_GCC_Support/ewl/lib/armv6-m\libc.a(memchr.o)
 .comment       0x00000000       0x7a C:/Freescale/CW MCU v11.0/MCU/ARM_GCC_Support/ewl/lib/armv6-m\librt.a(gcc_ctor_dtor.o)
 .comment       0x00000000       0x7a C:/Freescale/CW MCU v11.0/MCU/ARM_GCC_Support/ewl/lib/armv6-m\librt.a(__arm_eabi_init.o)
 .comment       0x00000000       0x7a C:/Freescale/CW MCU v11.0/MCU/ARM_GCC_Support/ewl/lib/armv6-m\librt.a(ROMCopy.o)

.debug_frame    0x00000000      0xa6c
 .debug_frame   0x00000000       0x48 ./Project_Settings/Startup_Code/kinetis_sysinit.o
 .debug_frame   0x00000048       0x4c ./Project_Settings/Startup_Code/__arm_start.o
 .debug_frame   0x00000094       0x30 ./Project_Settings/Startup_Code/__arm_end.o
 .debug_frame   0x000000c4       0x50 ./Sources/1_App/main.o
 .debug_frame   0x00000114       0xb0 ./Sources/2_HIL/Leds_driver.o
 .debug_frame   0x000001c4      0x1bc ./Sources/2_HIL/LCD_driver.o
 .debug_frame   0x00000380       0x90 ./Sources/2_HIL/Buttons_driver.o
 .debug_frame   0x00000410       0xf0 ./Sources/3_HAL/GPIO_driver.o
 .debug_frame   0x00000500       0xcc ./Sources/3_HAL/ADC_driver.o
 .debug_frame   0x000005cc       0x2c C:/Freescale/CW MCU v11.0/MCU/ARM_GCC_Support/ewl/lib/armv6-m\libc.a(exit.o)
 .debug_frame   0x000005f8       0x28 C:/Freescale/CW MCU v11.0/MCU/ARM_GCC_Support/ewl/lib/armv6-m\libc.a(memset.o)
 .debug_frame   0x00000620       0x2c C:/Freescale/CW MCU v11.0/MCU/ARM_GCC_Support/ewl/lib/armv6-m\libc.a(__filll_mem.o)
 .debug_frame   0x0000064c       0x54 C:/Freescale/CW MCU v11.0/MCU/ARM_GCC_Support/ewl/lib/armv6-m\libc.a(printformat_.o)
 .debug_frame   0x000006a0       0x34 C:/Freescale/CW MCU v11.0/MCU/ARM_GCC_Support/ewl/lib/armv6-m\libc.a(scanformat_.o)
 .debug_frame   0x000006d4      0x158 C:/Freescale/CW MCU v11.0/MCU/ARM_GCC_Support/ewl/lib/armv6-m\libc.a(ctype_aeabi.o)
 .debug_frame   0x0000082c       0x30 C:/Freescale/CW MCU v11.0/MCU/ARM_GCC_Support/ewl/lib/armv6-m\libc.a(__strtoul.o)
 .debug_frame   0x0000085c       0x28 C:/Freescale/CW MCU v11.0/MCU/ARM_GCC_Support/ewl/lib/armv6-m\libc.a(strchr.o)
 .debug_frame   0x00000884       0x28 C:/Freescale/CW MCU v11.0/MCU/ARM_GCC_Support/ewl/lib/armv6-m\libc.a(memcpy.o)
 .debug_frame   0x000008ac       0x28 C:/Freescale/CW MCU v11.0/MCU/ARM_GCC_Support/ewl/lib/armv6-m\libc.a(strlen.o)
 .debug_frame   0x000008d4       0x28 C:/Freescale/CW MCU v11.0/MCU/ARM_GCC_Support/ewl/lib/armv6-m\libc.a(memchr.o)
 .debug_frame   0x000008fc       0x20 c:/freescale/cw mcu v11.0/cross_tools/arm-none-eabi-gcc-4_7_3/bin/../lib/gcc/arm-none-eabi/4.7.3/armv6-m\libgcc.a(_udivsi3.o)
 .debug_frame   0x0000091c       0x40 C:/Freescale/CW MCU v11.0/MCU/ARM_GCC_Support/ewl/lib/armv6-m\librt.a(gcc_ctor_dtor.o)
 .debug_frame   0x0000095c       0xbc C:/Freescale/CW MCU v11.0/MCU/ARM_GCC_Support/ewl/lib/armv6-m\librt.a(__arm_eabi_init.o)
 .debug_frame   0x00000a18       0x54 C:/Freescale/CW MCU v11.0/MCU/ARM_GCC_Support/ewl/lib/armv6-m\librt.a(ROMCopy.o)
